// Jest Snapshot v1, https://goo.gl/fbAQLP

exports[`ReadFullChapter component should match previous snapshot 1`] = `
<DocumentFragment>
  <div
    class="read-chapter-container"
  >
    <button
      class="read-chapter"
      type="button"
    >
      <span>
        Read Full Chapter
      </span>
    </button>
  </div>
</DocumentFragment>
`;
