// Jest Snapshot v1, https://jestjs.io/docs/snapshot-testing

exports[`ReadFullChapter component should match previous snapshot 1`] = `
<DocumentFragment>
  <div
    class="read-chapter-container"
  >
    <a
      href="/bible/engesv/gen/1"
    >
      <button
        class="read-chapter"
        type="button"
      >
        <span>
          Read Full Chapter
        </span>
      </button>
    </a>
  </div>
</DocumentFragment>
`;
