// Jest Snapshot v1, https://jestjs.io/docs/snapshot-testing

exports[`<VersionList /> Should match previous snapshot 1`] = `
<DocumentFragment>
  <div
    class="text-selection-section"
    style="display: block;"
  >
    <div
      class="version-name-list"
    >
      <span
        class="version-item-button"
      >
        There are no matches for your search.
      </span>
    </div>
  </div>
</DocumentFragment>
`;
