// Jest Snapshot v1, https://goo.gl/fbAQLP

exports[`<VersionList /> Should match previous snapshot 1`] = `
<DocumentFragment>
  <div
    class="text-selection-section"
    style="display: block;"
  >
    <div
      class="version-name-list"
    >
      <div
        class="version-list-section"
      >
        <div
          class="version-list-section-title"
        >
          <span>
            Audio & Text
          </span>
        </div>
        <div
          class="accordion"
          data-accordion-component="Accordion"
        >
          <div
            class="accordion-title-style"
            data-accordion-component="AccordionItem"
          >
            <div
              aria-level="3"
              class="accordion__heading"
              data-accordion-component="AccordionItemHeading"
              role="heading"
            >
              <div
                aria-controls="accordion__panel-:r0:"
                aria-disabled="false"
                aria-expanded="false"
                class="accordion__button"
                data-accordion-component="AccordionItemButton"
                id="accordion__heading-:r0:"
                role="button"
                tabindex="0"
              >
                <h4
                  class=""
                  title="New Life Version (Easy to Read)"
                >
                  New Life Version (Easy to Read)
                </h4>
              </div>
            </div>
            <div
              class="accordion-body-style"
              data-accordion-component="AccordionItemPanel"
              hidden=""
              id="accordion__panel-:r0:"
            >
              <button
                class="version-item-button"
                tabindex="0"
                type="button"
              >
                Dramatized Version
              </button>
              <button
                class="version-item-button"
                tabindex="0"
                type="button"
              >
                Non-Dramatized Version
              </button>
            </div>
          </div>
        </div>
      </div>
    </div>
  </div>
</DocumentFragment>
`;
