// Jest Snapshot v1, https://jestjs.io/docs/snapshot-testing

exports[`<MyBookmarks /> component should match snapshot with expected props 1`] = `
<DocumentFragment>
  <div
    class="highlight-item"
    id="5452296"
  >
    <a
      href="/bible/ENGESV/MAT/1"
    >
      <button
        class="list-item"
        type="button"
      >
        <div
          class="title-text"
        >
          <h4
            class="title"
          >
            <span
              class="date"
            >
              01.18.19
            </span>
             | Matthew 1:undefined
          </h4>
          <p
            class="text"
          >
            ENGESV
          </p>
        </div>
      </button>
    </a>
    <button
      class="delete-highlight"
      tabindex="0"
      type="button"
    >
      <svg
        class="icon"
      >
        <use
          xlink:href="/svglist.svg#delete"
          xmlns:xlink="http://www.w3.org/1999/xlink"
        />
      </svg>
      <span>
        Delete
      </span>
    </button>
  </div>
  <div
    class="highlight-item"
    id="5452373"
  >
    <a
      href="/bible/ENGESV/MAT/1"
    >
      <button
        class="list-item"
        type="button"
      >
        <div
          class="title-text"
        >
          <h4
            class="title"
          >
            <span
              class="date"
            >
              01.18.19
            </span>
             | Matthew 1:undefined
          </h4>
          <p
            class="text"
          >
            ENGESV
          </p>
        </div>
      </button>
    </a>
    <button
      class="delete-highlight"
      tabindex="0"
      type="button"
    >
      <svg
        class="icon"
      >
        <use
          xlink:href="/svglist.svg#delete"
          xmlns:xlink="http://www.w3.org/1999/xlink"
        />
      </svg>
      <span>
        Delete
      </span>
    </button>
  </div>
  <div
    class="highlight-item"
    id="5574788"
  >
    <a
      href="/bible/ENGESV/MAT/3"
    >
      <button
        class="list-item"
        type="button"
      >
        <div
          class="title-text"
        >
          <h4
            class="title"
          >
            <span
              class="date"
            >
              02.06.19
            </span>
             | Matthew 3:3
          </h4>
          <p
            class="text"
          >
            ENGESV
          </p>
        </div>
      </button>
    </a>
    <button
      class="delete-highlight"
      tabindex="0"
      type="button"
    >
      <svg
        class="icon"
      >
        <use
          xlink:href="/svglist.svg#delete"
          xmlns:xlink="http://www.w3.org/1999/xlink"
        />
      </svg>
      <span>
        Delete
      </span>
    </button>
  </div>
  <div
    class="highlight-item"
    id="5574789"
  >
    <a
      href="/bible/ENGESV/MRK/16"
    >
      <button
        class="list-item"
        type="button"
      >
        <div
          class="title-text"
        >
          <h4
            class="title"
          >
            <span
              class="date"
            >
              02.08.19
            </span>
             | Mark 16:3
          </h4>
          <p
            class="text"
          >
            ENGESV
          </p>
        </div>
      </button>
    </a>
    <button
      class="delete-highlight"
      tabindex="0"
      type="button"
    >
      <svg
        class="icon"
      >
        <use
          xlink:href="/svglist.svg#delete"
          xmlns:xlink="http://www.w3.org/1999/xlink"
        />
      </svg>
      <span>
        Delete
      </span>
    </button>
  </div>
  <div
    class="highlight-item"
    id="5574790"
  >
    <a
      href="/bible/ENGNIV/MAT/11"
    >
      <button
        class="list-item"
        type="button"
      >
        <div
          class="title-text"
        >
          <h4
            class="title"
          >
            <span
              class="date"
            >
              02.12.19
            </span>
             | Matthew 11:7
          </h4>
          <p
            class="text"
          >
            ENGNIV
          </p>
        </div>
      </button>
    </a>
    <button
      class="delete-highlight"
      tabindex="0"
      type="button"
    >
      <svg
        class="icon"
      >
        <use
          xlink:href="/svglist.svg#delete"
          xmlns:xlink="http://www.w3.org/1999/xlink"
        />
      </svg>
      <span>
        Delete
      </span>
    </button>
  </div>
</DocumentFragment>
`;
