// Jest Snapshot v1, https://goo.gl/fbAQLP

exports[`<JesusFilmVideoPlayer /> (RTL + snapshots) renders fallback UI when both hasVideo=false and no hlsStream 1`] = `
<div>
  <div
    class="video-player-container jesus-film-override"
  >
    <h2>
      Something went wrong. Please refresh the page or go back to try again!
    </h2>
  </div>
</div>
`;

exports[`<JesusFilmVideoPlayer /> (RTL + snapshots) renders fallback UI when hasVideo is false 1`] = `
<div>
  <div
    class="video-player-container jesus-film-override"
  >
    <h2>
      Something went wrong. Please refresh the page or go back to try again!
    </h2>
  </div>
</div>
`;

exports[`<JesusFilmVideoPlayer /> (RTL + snapshots) renders fallback UI when no hlsStream 1`] = `
<div>
  <div
    class="video-player-container jesus-film-override"
  >
    <h2>
      Something went wrong. Please refresh the page or go back to try again!
    </h2>
  </div>
</div>
`;

exports[`<JesusFilmVideoPlayer /> (RTL + snapshots) renders main UI when hasVideo & hlsStream 1`] = `
<div>
  <div
    class="video-player-container jesus-film-override"
  >
    <h2>
      Something went wrong. Please refresh the page or go back to try again!
    </h2>
  </div>
</div>
`;
