// Jest Snapshot v1, https://jestjs.io/docs/snapshot-testing

exports[`AudioOnlyMessage Component Should match previous snapshot 1`] = `
<div>
  <div
    class="audio-only"
  >
    <svg>
      <use
        xlink:href="/svglist.svg#audio_only"
        xmlns:xlink="http://www.w3.org/1999/xlink"
      />
    </svg>
    <p>
      Romans 8
    </p>
    <span
      class="divider"
    />
    <span>
      Audio Only
    </span>
  </div>
</div>
`;
