// Jest Snapshot v1, https://jestjs.io/docs/snapshot-testing

exports[`<Login /> component should match snapshot with expected props 1`] = `
<DocumentFragment>
  <form>
    <span
      class="sign-in-input"
    >
      <svg
        class="icon"
        fill="#fff"
        height="30px"
        width="30px"
      >
        <use
          xlink:href="/svglist.svg#e-mail"
          xmlns:xlink="http://www.w3.org/1999/xlink"
        />
      </svg>
      <input
        autocomplete="email"
        class="error"
        id="email"
        placeholder="E-mail"
        type="email"
        value=""
      />
    </span>
    <span
      class="sign-in-input"
    >
      <svg
        class="icon"
        fill="#fff"
        height="26px"
        width="26px"
      >
        <use
          xlink:href="/svglist.svg#lock"
          xmlns:xlink="http://www.w3.org/1999/xlink"
        />
      </svg>
      <input
        autocomplete="current-password"
        class="error"
        id="password"
        placeholder="Password"
        type="password"
        value=""
      />
    </span>
    <div
      class="sign-in-button"
    >
      <input
        class="login-checkbox"
        id="login-checkbox"
        type="checkbox"
      />
      <label
        class="text"
        for="login-checkbox"
      >
        Remember Me
      </label>
      <button
        class="login-button"
        type="submit"
      >
        Sign In
      </button>
    </div>
    <div
      class="login-error-message"
    >
      <svg
        class="icon"
      >
        <use
          xlink:href="/svglist.svg#warning"
          xmlns:xlink="http://www.w3.org/1999/xlink"
        />
      </svg>
      <span
        class="error-text"
      >
        Username or Password is incorrect. Please try again.
      </span>
    </div>
    <section
      class="forgot-password"
    >
      <span
        class="link"
        id="reset-password-button"
        role="button"
        tabindex="0"
      >
        Reset your password.
      </span>
    </section>
  </form>
  <div
    class="facebook"
    id="facebook-login"
    role="button"
    tabindex="0"
  >
    Sign in with Facebook
  </div>
  <div
    class="google"
    id="google-login"
    role="button"
    tabindex="0"
  >
    Sign in with Google
  </div>
</DocumentFragment>
`;
