// Jest Snapshot v1, https://jestjs.io/docs/snapshot-testing

exports[`CountryList component should match snapshot of active list 1`] = `
<DocumentFragment>
  <div
    class="text-selection-section"
  >
    <div
      class="country-name-list"
    >
      <div
        class="pull-down-refresh"
        style="height: 0px; max-height: 0;"
      >
        <span
          style="text-align: center; width: 100%;"
        >
          Pull to Refresh
        </span>
      </div>
      <div
        class="country-name"
        role="button"
        tabindex="0"
        title="ANY"
      >
        <svg
          class="icon"
          height="25px"
          width="25px"
        >
          <use
            xlink:href="/flags.svg#ANY"
            xmlns:xlink="http://www.w3.org/1999/xlink"
          />
        </svg>
        <h4
          class="active-language-name"
        >
          ANY
        </h4>
      </div>
      <div
        class="country-name"
        role="button"
        tabindex="0"
        title="Afghanistan"
      >
        <svg
          class="icon"
          height="25px"
          width="25px"
        >
          <use
            xlink:href="/flags.svg#AF"
            xmlns:xlink="http://www.w3.org/1999/xlink"
          />
        </svg>
        <h4
          class="inactive-country"
        >
          Afghanistan
        </h4>
      </div>
      <div
        class="country-name"
        role="button"
        tabindex="0"
        title="Albania"
      >
        <svg
          class="icon"
          height="25px"
          width="25px"
        >
          <use
            xlink:href="/flags.svg#AL"
            xmlns:xlink="http://www.w3.org/1999/xlink"
          />
        </svg>
        <h4
          class="inactive-country"
        >
          Albania
        </h4>
      </div>
      <div
        class="country-name"
        role="button"
        tabindex="0"
        title="Algeria"
      >
        <svg
          class="icon"
          height="25px"
          width="25px"
        >
          <use
            xlink:href="/flags.svg#DZ"
            xmlns:xlink="http://www.w3.org/1999/xlink"
          />
        </svg>
        <h4
          class="inactive-country"
        >
          Algeria
        </h4>
      </div>
      <div
        class="country-name"
        role="button"
        tabindex="0"
        title="American Samoa"
      >
        <svg
          class="icon"
          height="25px"
          width="25px"
        >
          <use
            xlink:href="/flags.svg#AS"
            xmlns:xlink="http://www.w3.org/1999/xlink"
          />
        </svg>
        <h4
          class="inactive-country"
        >
          American Samoa
        </h4>
      </div>
      <div
        class="country-name"
        role="button"
        tabindex="0"
        title="Andorra"
      >
        <svg
          class="icon"
          height="25px"
          width="25px"
        >
          <use
            xlink:href="/flags.svg#AD"
            xmlns:xlink="http://www.w3.org/1999/xlink"
          />
        </svg>
        <h4
          class="inactive-country"
        >
          Andorra
        </h4>
      </div>
      <div
        class="country-name"
        role="button"
        tabindex="0"
        title="Angola"
      >
        <svg
          class="icon"
          height="25px"
          width="25px"
        >
          <use
            xlink:href="/flags.svg#AO"
            xmlns:xlink="http://www.w3.org/1999/xlink"
          />
        </svg>
        <h4
          class="inactive-country"
        >
          Angola
        </h4>
      </div>
      <div
        class="country-name"
        role="button"
        tabindex="0"
        title="Argentina"
      >
        <svg
          class="icon"
          height="25px"
          width="25px"
        >
          <use
            xlink:href="/flags.svg#AR"
            xmlns:xlink="http://www.w3.org/1999/xlink"
          />
        </svg>
        <h4
          class="inactive-country"
        >
          Argentina
        </h4>
      </div>
      <div
        class="country-name"
        role="button"
        tabindex="0"
        title="Armenia"
      >
        <svg
          class="icon"
          height="25px"
          width="25px"
        >
          <use
            xlink:href="/flags.svg#AM"
            xmlns:xlink="http://www.w3.org/1999/xlink"
          />
        </svg>
        <h4
          class="inactive-country"
        >
          Armenia
        </h4>
      </div>
      <div
        class="country-name"
        role="button"
        tabindex="0"
        title="Australia"
      >
        <svg
          class="icon"
          height="25px"
          width="25px"
        >
          <use
            xlink:href="/flags.svg#AU"
            xmlns:xlink="http://www.w3.org/1999/xlink"
          />
        </svg>
        <h4
          class="inactive-country"
        >
          Australia
        </h4>
      </div>
      <div
        class="country-name"
        role="button"
        tabindex="0"
        title="Austria"
      >
        <svg
          class="icon"
          height="25px"
          width="25px"
        >
          <use
            xlink:href="/flags.svg#AT"
            xmlns:xlink="http://www.w3.org/1999/xlink"
          />
        </svg>
        <h4
          class="inactive-country"
        >
          Austria
        </h4>
      </div>
      <div
        class="country-name"
        role="button"
        tabindex="0"
        title="Azerbaijan"
      >
        <svg
          class="icon"
          height="25px"
          width="25px"
        >
          <use
            xlink:href="/flags.svg#AZ"
            xmlns:xlink="http://www.w3.org/1999/xlink"
          />
        </svg>
        <h4
          class="inactive-country"
        >
          Azerbaijan
        </h4>
      </div>
      <div
        class="country-name"
        role="button"
        tabindex="0"
        title="Bahamas"
      >
        <svg
          class="icon"
          height="25px"
          width="25px"
        >
          <use
            xlink:href="/flags.svg#BS"
            xmlns:xlink="http://www.w3.org/1999/xlink"
          />
        </svg>
        <h4
          class="inactive-country"
        >
          Bahamas
        </h4>
      </div>
      <div
        class="country-name"
        role="button"
        tabindex="0"
        title="Bahrain"
      >
        <svg
          class="icon"
          height="25px"
          width="25px"
        >
          <use
            xlink:href="/flags.svg#BH"
            xmlns:xlink="http://www.w3.org/1999/xlink"
          />
        </svg>
        <h4
          class="inactive-country"
        >
          Bahrain
        </h4>
      </div>
      <div
        class="country-name"
        role="button"
        tabindex="0"
        title="Bangladesh"
      >
        <svg
          class="icon"
          height="25px"
          width="25px"
        >
          <use
            xlink:href="/flags.svg#BD"
            xmlns:xlink="http://www.w3.org/1999/xlink"
          />
        </svg>
        <h4
          class="inactive-country"
        >
          Bangladesh
        </h4>
      </div>
      <div
        class="country-name"
        role="button"
        tabindex="0"
        title="Barbados"
      >
        <svg
          class="icon"
          height="25px"
          width="25px"
        >
          <use
            xlink:href="/flags.svg#BB"
            xmlns:xlink="http://www.w3.org/1999/xlink"
          />
        </svg>
        <h4
          class="inactive-country"
        >
          Barbados
        </h4>
      </div>
      <div
        class="country-name"
        role="button"
        tabindex="0"
        title="Belarus"
      >
        <svg
          class="icon"
          height="25px"
          width="25px"
        >
          <use
            xlink:href="/flags.svg#BY"
            xmlns:xlink="http://www.w3.org/1999/xlink"
          />
        </svg>
        <h4
          class="inactive-country"
        >
          Belarus
        </h4>
      </div>
      <div
        class="country-name"
        role="button"
        tabindex="0"
        title="Belgium"
      >
        <svg
          class="icon"
          height="25px"
          width="25px"
        >
          <use
            xlink:href="/flags.svg#BE"
            xmlns:xlink="http://www.w3.org/1999/xlink"
          />
        </svg>
        <h4
          class="inactive-country"
        >
          Belgium
        </h4>
      </div>
      <div
        class="country-name"
        role="button"
        tabindex="0"
        title="Belize"
      >
        <svg
          class="icon"
          height="25px"
          width="25px"
        >
          <use
            xlink:href="/flags.svg#BZ"
            xmlns:xlink="http://www.w3.org/1999/xlink"
          />
        </svg>
        <h4
          class="inactive-country"
        >
          Belize
        </h4>
      </div>
      <div
        class="country-name"
        role="button"
        tabindex="0"
        title="Benin"
      >
        <svg
          class="icon"
          height="25px"
          width="25px"
        >
          <use
            xlink:href="/flags.svg#BJ"
            xmlns:xlink="http://www.w3.org/1999/xlink"
          />
        </svg>
        <h4
          class="inactive-country"
        >
          Benin
        </h4>
      </div>
      <div
        class="country-name"
        role="button"
        tabindex="0"
        title="Bhutan"
      >
        <svg
          class="icon"
          height="25px"
          width="25px"
        >
          <use
            xlink:href="/flags.svg#BT"
            xmlns:xlink="http://www.w3.org/1999/xlink"
          />
        </svg>
        <h4
          class="inactive-country"
        >
          Bhutan
        </h4>
      </div>
      <div
        class="country-name"
        role="button"
        tabindex="0"
        title="Bolivia"
      >
        <svg
          class="icon"
          height="25px"
          width="25px"
        >
          <use
            xlink:href="/flags.svg#BO"
            xmlns:xlink="http://www.w3.org/1999/xlink"
          />
        </svg>
        <h4
          class="inactive-country"
        >
          Bolivia
        </h4>
      </div>
      <div
        class="country-name"
        role="button"
        tabindex="0"
        title="Bosnia and Herzegovina"
      >
        <svg
          class="icon"
          height="25px"
          width="25px"
        >
          <use
            xlink:href="/flags.svg#BA"
            xmlns:xlink="http://www.w3.org/1999/xlink"
          />
        </svg>
        <h4
          class="inactive-country"
        >
          Bosnia and Herzegovina
        </h4>
      </div>
      <div
        class="country-name"
        role="button"
        tabindex="0"
        title="Botswana"
      >
        <svg
          class="icon"
          height="25px"
          width="25px"
        >
          <use
            xlink:href="/flags.svg#BW"
            xmlns:xlink="http://www.w3.org/1999/xlink"
          />
        </svg>
        <h4
          class="inactive-country"
        >
          Botswana
        </h4>
      </div>
      <div
        class="country-name"
        role="button"
        tabindex="0"
        title="Brazil"
      >
        <svg
          class="icon"
          height="25px"
          width="25px"
        >
          <use
            xlink:href="/flags.svg#BR"
            xmlns:xlink="http://www.w3.org/1999/xlink"
          />
        </svg>
        <h4
          class="inactive-country"
        >
          Brazil
        </h4>
      </div>
      <div
        class="country-name"
        role="button"
        tabindex="0"
        title="Brunei"
      >
        <svg
          class="icon"
          height="25px"
          width="25px"
        >
          <use
            xlink:href="/flags.svg#BN"
            xmlns:xlink="http://www.w3.org/1999/xlink"
          />
        </svg>
        <h4
          class="inactive-country"
        >
          Brunei
        </h4>
      </div>
      <div
        class="country-name"
        role="button"
        tabindex="0"
        title="Bulgaria"
      >
        <svg
          class="icon"
          height="25px"
          width="25px"
        >
          <use
            xlink:href="/flags.svg#BG"
            xmlns:xlink="http://www.w3.org/1999/xlink"
          />
        </svg>
        <h4
          class="inactive-country"
        >
          Bulgaria
        </h4>
      </div>
      <div
        class="country-name"
        role="button"
        tabindex="0"
        title="Burkina Faso"
      >
        <svg
          class="icon"
          height="25px"
          width="25px"
        >
          <use
            xlink:href="/flags.svg#BF"
            xmlns:xlink="http://www.w3.org/1999/xlink"
          />
        </svg>
        <h4
          class="inactive-country"
        >
          Burkina Faso
        </h4>
      </div>
      <div
        class="country-name"
        role="button"
        tabindex="0"
        title="Burundi"
      >
        <svg
          class="icon"
          height="25px"
          width="25px"
        >
          <use
            xlink:href="/flags.svg#BI"
            xmlns:xlink="http://www.w3.org/1999/xlink"
          />
        </svg>
        <h4
          class="inactive-country"
        >
          Burundi
        </h4>
      </div>
      <div
        class="country-name"
        role="button"
        tabindex="0"
        title="Cambodia"
      >
        <svg
          class="icon"
          height="25px"
          width="25px"
        >
          <use
            xlink:href="/flags.svg#KH"
            xmlns:xlink="http://www.w3.org/1999/xlink"
          />
        </svg>
        <h4
          class="inactive-country"
        >
          Cambodia
        </h4>
      </div>
      <div
        class="country-name"
        role="button"
        tabindex="0"
        title="Cameroon"
      >
        <svg
          class="icon"
          height="25px"
          width="25px"
        >
          <use
            xlink:href="/flags.svg#CM"
            xmlns:xlink="http://www.w3.org/1999/xlink"
          />
        </svg>
        <h4
          class="inactive-country"
        >
          Cameroon
        </h4>
      </div>
      <div
        class="country-name"
        role="button"
        tabindex="0"
        title="Canada"
      >
        <svg
          class="icon"
          height="25px"
          width="25px"
        >
          <use
            xlink:href="/flags.svg#CA"
            xmlns:xlink="http://www.w3.org/1999/xlink"
          />
        </svg>
        <h4
          class="inactive-country"
        >
          Canada
        </h4>
      </div>
      <div
        class="country-name"
        role="button"
        tabindex="0"
        title="Central African Republic"
      >
        <svg
          class="icon"
          height="25px"
          width="25px"
        >
          <use
            xlink:href="/flags.svg#CF"
            xmlns:xlink="http://www.w3.org/1999/xlink"
          />
        </svg>
        <h4
          class="inactive-country"
        >
          Central African Republic
        </h4>
      </div>
      <div
        class="country-name"
        role="button"
        tabindex="0"
        title="Chad"
      >
        <svg
          class="icon"
          height="25px"
          width="25px"
        >
          <use
            xlink:href="/flags.svg#TD"
            xmlns:xlink="http://www.w3.org/1999/xlink"
          />
        </svg>
        <h4
          class="inactive-country"
        >
          Chad
        </h4>
      </div>
      <div
        class="country-name"
        role="button"
        tabindex="0"
        title="Chile"
      >
        <svg
          class="icon"
          height="25px"
          width="25px"
        >
          <use
            xlink:href="/flags.svg#CL"
            xmlns:xlink="http://www.w3.org/1999/xlink"
          />
        </svg>
        <h4
          class="inactive-country"
        >
          Chile
        </h4>
      </div>
      <div
        class="country-name"
        role="button"
        tabindex="0"
        title="China"
      >
        <svg
          class="icon"
          height="25px"
          width="25px"
        >
          <use
            xlink:href="/flags.svg#CN"
            xmlns:xlink="http://www.w3.org/1999/xlink"
          />
        </svg>
        <h4
          class="inactive-country"
        >
          China
        </h4>
      </div>
      <div
        class="country-name"
        role="button"
        tabindex="0"
        title="Colombia"
      >
        <svg
          class="icon"
          height="25px"
          width="25px"
        >
          <use
            xlink:href="/flags.svg#CO"
            xmlns:xlink="http://www.w3.org/1999/xlink"
          />
        </svg>
        <h4
          class="inactive-country"
        >
          Colombia
        </h4>
      </div>
      <div
        class="country-name"
        role="button"
        tabindex="0"
        title="Comoros"
      >
        <svg
          class="icon"
          height="25px"
          width="25px"
        >
          <use
            xlink:href="/flags.svg#KM"
            xmlns:xlink="http://www.w3.org/1999/xlink"
          />
        </svg>
        <h4
          class="inactive-country"
        >
          Comoros
        </h4>
      </div>
      <div
        class="country-name"
        role="button"
        tabindex="0"
        title="Costa Rica"
      >
        <svg
          class="icon"
          height="25px"
          width="25px"
        >
          <use
            xlink:href="/flags.svg#CR"
            xmlns:xlink="http://www.w3.org/1999/xlink"
          />
        </svg>
        <h4
          class="inactive-country"
        >
          Costa Rica
        </h4>
      </div>
      <div
        class="country-name"
        role="button"
        tabindex="0"
        title="Croatia"
      >
        <svg
          class="icon"
          height="25px"
          width="25px"
        >
          <use
            xlink:href="/flags.svg#HR"
            xmlns:xlink="http://www.w3.org/1999/xlink"
          />
        </svg>
        <h4
          class="inactive-country"
        >
          Croatia
        </h4>
      </div>
      <div
        class="country-name"
        role="button"
        tabindex="0"
        title="Curacao"
      >
        <svg
          class="icon"
          height="25px"
          width="25px"
        >
          <use
            xlink:href="/flags.svg#CW"
            xmlns:xlink="http://www.w3.org/1999/xlink"
          />
        </svg>
        <h4
          class="inactive-country"
        >
          Curacao
        </h4>
      </div>
      <div
        class="country-name"
        role="button"
        tabindex="0"
        title="Cyprus"
      >
        <svg
          class="icon"
          height="25px"
          width="25px"
        >
          <use
            xlink:href="/flags.svg#CY"
            xmlns:xlink="http://www.w3.org/1999/xlink"
          />
        </svg>
        <h4
          class="inactive-country"
        >
          Cyprus
        </h4>
      </div>
      <div
        class="country-name"
        role="button"
        tabindex="0"
        title="Czech Republic"
      >
        <svg
          class="icon"
          height="25px"
          width="25px"
        >
          <use
            xlink:href="/flags.svg#CZ"
            xmlns:xlink="http://www.w3.org/1999/xlink"
          />
        </svg>
        <h4
          class="inactive-country"
        >
          Czech Republic
        </h4>
      </div>
      <div
        class="country-name"
        role="button"
        tabindex="0"
        title="Côte d’Ivoire"
      >
        <svg
          class="icon"
          height="25px"
          width="25px"
        >
          <use
            xlink:href="/flags.svg#CI"
            xmlns:xlink="http://www.w3.org/1999/xlink"
          />
        </svg>
        <h4
          class="inactive-country"
        >
          Côte d’Ivoire
        </h4>
      </div>
      <div
        class="country-name"
        role="button"
        tabindex="0"
        title="Democratic Republic of the Congo"
      >
        <svg
          class="icon"
          height="25px"
          width="25px"
        >
          <use
            xlink:href="/flags.svg#CD"
            xmlns:xlink="http://www.w3.org/1999/xlink"
          />
        </svg>
        <h4
          class="inactive-country"
        >
          Democratic Republic of the Congo
        </h4>
      </div>
      <div
        class="country-name"
        role="button"
        tabindex="0"
        title="Denmark"
      >
        <svg
          class="icon"
          height="25px"
          width="25px"
        >
          <use
            xlink:href="/flags.svg#DK"
            xmlns:xlink="http://www.w3.org/1999/xlink"
          />
        </svg>
        <h4
          class="inactive-country"
        >
          Denmark
        </h4>
      </div>
      <div
        class="country-name"
        role="button"
        tabindex="0"
        title="Djibouti"
      >
        <svg
          class="icon"
          height="25px"
          width="25px"
        >
          <use
            xlink:href="/flags.svg#DJ"
            xmlns:xlink="http://www.w3.org/1999/xlink"
          />
        </svg>
        <h4
          class="inactive-country"
        >
          Djibouti
        </h4>
      </div>
      <div
        class="country-name"
        role="button"
        tabindex="0"
        title="Dominica"
      >
        <svg
          class="icon"
          height="25px"
          width="25px"
        >
          <use
            xlink:href="/flags.svg#DM"
            xmlns:xlink="http://www.w3.org/1999/xlink"
          />
        </svg>
        <h4
          class="inactive-country"
        >
          Dominica
        </h4>
      </div>
      <div
        class="country-name"
        role="button"
        tabindex="0"
        title="Dominican Republic"
      >
        <svg
          class="icon"
          height="25px"
          width="25px"
        >
          <use
            xlink:href="/flags.svg#DO"
            xmlns:xlink="http://www.w3.org/1999/xlink"
          />
        </svg>
        <h4
          class="inactive-country"
        >
          Dominican Republic
        </h4>
      </div>
      <div
        class="country-name"
        role="button"
        tabindex="0"
        title="Ecuador"
      >
        <svg
          class="icon"
          height="25px"
          width="25px"
        >
          <use
            xlink:href="/flags.svg#EC"
            xmlns:xlink="http://www.w3.org/1999/xlink"
          />
        </svg>
        <h4
          class="inactive-country"
        >
          Ecuador
        </h4>
      </div>
      <div
        class="country-name"
        role="button"
        tabindex="0"
        title="Egypt"
      >
        <svg
          class="icon"
          height="25px"
          width="25px"
        >
          <use
            xlink:href="/flags.svg#EG"
            xmlns:xlink="http://www.w3.org/1999/xlink"
          />
        </svg>
        <h4
          class="inactive-country"
        >
          Egypt
        </h4>
      </div>
      <div
        class="country-name"
        role="button"
        tabindex="0"
        title="Equatorial Guinea"
      >
        <svg
          class="icon"
          height="25px"
          width="25px"
        >
          <use
            xlink:href="/flags.svg#GQ"
            xmlns:xlink="http://www.w3.org/1999/xlink"
          />
        </svg>
        <h4
          class="inactive-country"
        >
          Equatorial Guinea
        </h4>
      </div>
      <div
        class="country-name"
        role="button"
        tabindex="0"
        title="Eritrea"
      >
        <svg
          class="icon"
          height="25px"
          width="25px"
        >
          <use
            xlink:href="/flags.svg#ER"
            xmlns:xlink="http://www.w3.org/1999/xlink"
          />
        </svg>
        <h4
          class="inactive-country"
        >
          Eritrea
        </h4>
      </div>
      <div
        class="country-name"
        role="button"
        tabindex="0"
        title="Estonia"
      >
        <svg
          class="icon"
          height="25px"
          width="25px"
        >
          <use
            xlink:href="/flags.svg#EE"
            xmlns:xlink="http://www.w3.org/1999/xlink"
          />
        </svg>
        <h4
          class="inactive-country"
        >
          Estonia
        </h4>
      </div>
      <div
        class="country-name"
        role="button"
        tabindex="0"
        title="Ethiopia"
      >
        <svg
          class="icon"
          height="25px"
          width="25px"
        >
          <use
            xlink:href="/flags.svg#ET"
            xmlns:xlink="http://www.w3.org/1999/xlink"
          />
        </svg>
        <h4
          class="inactive-country"
        >
          Ethiopia
        </h4>
      </div>
      <div
        class="country-name"
        role="button"
        tabindex="0"
        title="Fiji"
      >
        <svg
          class="icon"
          height="25px"
          width="25px"
        >
          <use
            xlink:href="/flags.svg#FJ"
            xmlns:xlink="http://www.w3.org/1999/xlink"
          />
        </svg>
        <h4
          class="inactive-country"
        >
          Fiji
        </h4>
      </div>
      <div
        class="country-name"
        role="button"
        tabindex="0"
        title="Finland"
      >
        <svg
          class="icon"
          height="25px"
          width="25px"
        >
          <use
            xlink:href="/flags.svg#FI"
            xmlns:xlink="http://www.w3.org/1999/xlink"
          />
        </svg>
        <h4
          class="inactive-country"
        >
          Finland
        </h4>
      </div>
      <div
        class="country-name"
        role="button"
        tabindex="0"
        title="France"
      >
        <svg
          class="icon"
          height="25px"
          width="25px"
        >
          <use
            xlink:href="/flags.svg#FR"
            xmlns:xlink="http://www.w3.org/1999/xlink"
          />
        </svg>
        <h4
          class="inactive-country"
        >
          France
        </h4>
      </div>
      <div
        class="country-name"
        role="button"
        tabindex="0"
        title="French Guiana"
      >
        <svg
          class="icon"
          height="25px"
          width="25px"
        >
          <use
            xlink:href="/flags.svg#GF"
            xmlns:xlink="http://www.w3.org/1999/xlink"
          />
        </svg>
        <h4
          class="inactive-country"
        >
          French Guiana
        </h4>
      </div>
      <div
        class="country-name"
        role="button"
        tabindex="0"
        title="Gabon"
      >
        <svg
          class="icon"
          height="25px"
          width="25px"
        >
          <use
            xlink:href="/flags.svg#GA"
            xmlns:xlink="http://www.w3.org/1999/xlink"
          />
        </svg>
        <h4
          class="inactive-country"
        >
          Gabon
        </h4>
      </div>
      <div
        class="country-name"
        role="button"
        tabindex="0"
        title="Gambia"
      >
        <svg
          class="icon"
          height="25px"
          width="25px"
        >
          <use
            xlink:href="/flags.svg#GM"
            xmlns:xlink="http://www.w3.org/1999/xlink"
          />
        </svg>
        <h4
          class="inactive-country"
        >
          Gambia
        </h4>
      </div>
      <div
        class="country-name"
        role="button"
        tabindex="0"
        title="Georgia"
      >
        <svg
          class="icon"
          height="25px"
          width="25px"
        >
          <use
            xlink:href="/flags.svg#GE"
            xmlns:xlink="http://www.w3.org/1999/xlink"
          />
        </svg>
        <h4
          class="inactive-country"
        >
          Georgia
        </h4>
      </div>
      <div
        class="country-name"
        role="button"
        tabindex="0"
        title="Germany"
      >
        <svg
          class="icon"
          height="25px"
          width="25px"
        >
          <use
            xlink:href="/flags.svg#DE"
            xmlns:xlink="http://www.w3.org/1999/xlink"
          />
        </svg>
        <h4
          class="inactive-country"
        >
          Germany
        </h4>
      </div>
      <div
        class="country-name"
        role="button"
        tabindex="0"
        title="Ghana"
      >
        <svg
          class="icon"
          height="25px"
          width="25px"
        >
          <use
            xlink:href="/flags.svg#GH"
            xmlns:xlink="http://www.w3.org/1999/xlink"
          />
        </svg>
        <h4
          class="inactive-country"
        >
          Ghana
        </h4>
      </div>
      <div
        class="country-name"
        role="button"
        tabindex="0"
        title="Greece"
      >
        <svg
          class="icon"
          height="25px"
          width="25px"
        >
          <use
            xlink:href="/flags.svg#GR"
            xmlns:xlink="http://www.w3.org/1999/xlink"
          />
        </svg>
        <h4
          class="inactive-country"
        >
          Greece
        </h4>
      </div>
      <div
        class="country-name"
        role="button"
        tabindex="0"
        title="Greenland"
      >
        <svg
          class="icon"
          height="25px"
          width="25px"
        >
          <use
            xlink:href="/flags.svg#GL"
            xmlns:xlink="http://www.w3.org/1999/xlink"
          />
        </svg>
        <h4
          class="inactive-country"
        >
          Greenland
        </h4>
      </div>
      <div
        class="country-name"
        role="button"
        tabindex="0"
        title="Grenada"
      >
        <svg
          class="icon"
          height="25px"
          width="25px"
        >
          <use
            xlink:href="/flags.svg#GD"
            xmlns:xlink="http://www.w3.org/1999/xlink"
          />
        </svg>
        <h4
          class="inactive-country"
        >
          Grenada
        </h4>
      </div>
      <div
        class="country-name"
        role="button"
        tabindex="0"
        title="Guatemala"
      >
        <svg
          class="icon"
          height="25px"
          width="25px"
        >
          <use
            xlink:href="/flags.svg#GT"
            xmlns:xlink="http://www.w3.org/1999/xlink"
          />
        </svg>
        <h4
          class="inactive-country"
        >
          Guatemala
        </h4>
      </div>
      <div
        class="country-name"
        role="button"
        tabindex="0"
        title="Guinea"
      >
        <svg
          class="icon"
          height="25px"
          width="25px"
        >
          <use
            xlink:href="/flags.svg#GN"
            xmlns:xlink="http://www.w3.org/1999/xlink"
          />
        </svg>
        <h4
          class="inactive-country"
        >
          Guinea
        </h4>
      </div>
      <div
        class="country-name"
        role="button"
        tabindex="0"
        title="Guinea-Bissau"
      >
        <svg
          class="icon"
          height="25px"
          width="25px"
        >
          <use
            xlink:href="/flags.svg#GW"
            xmlns:xlink="http://www.w3.org/1999/xlink"
          />
        </svg>
        <h4
          class="inactive-country"
        >
          Guinea-Bissau
        </h4>
      </div>
      <div
        class="country-name"
        role="button"
        tabindex="0"
        title="Guyana"
      >
        <svg
          class="icon"
          height="25px"
          width="25px"
        >
          <use
            xlink:href="/flags.svg#GY"
            xmlns:xlink="http://www.w3.org/1999/xlink"
          />
        </svg>
        <h4
          class="inactive-country"
        >
          Guyana
        </h4>
      </div>
      <div
        class="country-name"
        role="button"
        tabindex="0"
        title="Haiti"
      >
        <svg
          class="icon"
          height="25px"
          width="25px"
        >
          <use
            xlink:href="/flags.svg#HT"
            xmlns:xlink="http://www.w3.org/1999/xlink"
          />
        </svg>
        <h4
          class="inactive-country"
        >
          Haiti
        </h4>
      </div>
      <div
        class="country-name"
        role="button"
        tabindex="0"
        title="Honduras"
      >
        <svg
          class="icon"
          height="25px"
          width="25px"
        >
          <use
            xlink:href="/flags.svg#HN"
            xmlns:xlink="http://www.w3.org/1999/xlink"
          />
        </svg>
        <h4
          class="inactive-country"
        >
          Honduras
        </h4>
      </div>
      <div
        class="country-name"
        role="button"
        tabindex="0"
        title="Hungary"
      >
        <svg
          class="icon"
          height="25px"
          width="25px"
        >
          <use
            xlink:href="/flags.svg#HU"
            xmlns:xlink="http://www.w3.org/1999/xlink"
          />
        </svg>
        <h4
          class="inactive-country"
        >
          Hungary
        </h4>
      </div>
      <div
        class="country-name"
        role="button"
        tabindex="0"
        title="Iceland"
      >
        <svg
          class="icon"
          height="25px"
          width="25px"
        >
          <use
            xlink:href="/flags.svg#IS"
            xmlns:xlink="http://www.w3.org/1999/xlink"
          />
        </svg>
        <h4
          class="inactive-country"
        >
          Iceland
        </h4>
      </div>
      <div
        class="country-name"
        role="button"
        tabindex="0"
        title="India"
      >
        <svg
          class="icon"
          height="25px"
          width="25px"
        >
          <use
            xlink:href="/flags.svg#IN"
            xmlns:xlink="http://www.w3.org/1999/xlink"
          />
        </svg>
        <h4
          class="inactive-country"
        >
          India
        </h4>
      </div>
      <div
        class="country-name"
        role="button"
        tabindex="0"
        title="Indonesia"
      >
        <svg
          class="icon"
          height="25px"
          width="25px"
        >
          <use
            xlink:href="/flags.svg#ID"
            xmlns:xlink="http://www.w3.org/1999/xlink"
          />
        </svg>
        <h4
          class="inactive-country"
        >
          Indonesia
        </h4>
      </div>
      <div
        class="country-name"
        role="button"
        tabindex="0"
        title="Iran"
      >
        <svg
          class="icon"
          height="25px"
          width="25px"
        >
          <use
            xlink:href="/flags.svg#IR"
            xmlns:xlink="http://www.w3.org/1999/xlink"
          />
        </svg>
        <h4
          class="inactive-country"
        >
          Iran
        </h4>
      </div>
      <div
        class="country-name"
        role="button"
        tabindex="0"
        title="Iraq"
      >
        <svg
          class="icon"
          height="25px"
          width="25px"
        >
          <use
            xlink:href="/flags.svg#IQ"
            xmlns:xlink="http://www.w3.org/1999/xlink"
          />
        </svg>
        <h4
          class="inactive-country"
        >
          Iraq
        </h4>
      </div>
      <div
        class="country-name"
        role="button"
        tabindex="0"
        title="Ireland"
      >
        <svg
          class="icon"
          height="25px"
          width="25px"
        >
          <use
            xlink:href="/flags.svg#IE"
            xmlns:xlink="http://www.w3.org/1999/xlink"
          />
        </svg>
        <h4
          class="inactive-country"
        >
          Ireland
        </h4>
      </div>
      <div
        class="country-name"
        role="button"
        tabindex="0"
        title="Israel"
      >
        <svg
          class="icon"
          height="25px"
          width="25px"
        >
          <use
            xlink:href="/flags.svg#IL"
            xmlns:xlink="http://www.w3.org/1999/xlink"
          />
        </svg>
        <h4
          class="inactive-country"
        >
          Israel
        </h4>
      </div>
      <div
        class="country-name"
        role="button"
        tabindex="0"
        title="Italy"
      >
        <svg
          class="icon"
          height="25px"
          width="25px"
        >
          <use
            xlink:href="/flags.svg#IT"
            xmlns:xlink="http://www.w3.org/1999/xlink"
          />
        </svg>
        <h4
          class="inactive-country"
        >
          Italy
        </h4>
      </div>
      <div
        class="country-name"
        role="button"
        tabindex="0"
        title="Jamaica"
      >
        <svg
          class="icon"
          height="25px"
          width="25px"
        >
          <use
            xlink:href="/flags.svg#JM"
            xmlns:xlink="http://www.w3.org/1999/xlink"
          />
        </svg>
        <h4
          class="inactive-country"
        >
          Jamaica
        </h4>
      </div>
      <div
        class="country-name"
        role="button"
        tabindex="0"
        title="Japan"
      >
        <svg
          class="icon"
          height="25px"
          width="25px"
        >
          <use
            xlink:href="/flags.svg#JP"
            xmlns:xlink="http://www.w3.org/1999/xlink"
          />
        </svg>
        <h4
          class="inactive-country"
        >
          Japan
        </h4>
      </div>
      <div
        class="country-name"
        role="button"
        tabindex="0"
        title="Jordan"
      >
        <svg
          class="icon"
          height="25px"
          width="25px"
        >
          <use
            xlink:href="/flags.svg#JO"
            xmlns:xlink="http://www.w3.org/1999/xlink"
          />
        </svg>
        <h4
          class="inactive-country"
        >
          Jordan
        </h4>
      </div>
      <div
        class="country-name"
        role="button"
        tabindex="0"
        title="Kazakhstan"
      >
        <svg
          class="icon"
          height="25px"
          width="25px"
        >
          <use
            xlink:href="/flags.svg#KZ"
            xmlns:xlink="http://www.w3.org/1999/xlink"
          />
        </svg>
        <h4
          class="inactive-country"
        >
          Kazakhstan
        </h4>
      </div>
      <div
        class="country-name"
        role="button"
        tabindex="0"
        title="Kenya"
      >
        <svg
          class="icon"
          height="25px"
          width="25px"
        >
          <use
            xlink:href="/flags.svg#KE"
            xmlns:xlink="http://www.w3.org/1999/xlink"
          />
        </svg>
        <h4
          class="inactive-country"
        >
          Kenya
        </h4>
      </div>
      <div
        class="country-name"
        role="button"
        tabindex="0"
        title="Kiribati"
      >
        <svg
          class="icon"
          height="25px"
          width="25px"
        >
          <use
            xlink:href="/flags.svg#KI"
            xmlns:xlink="http://www.w3.org/1999/xlink"
          />
        </svg>
        <h4
          class="inactive-country"
        >
          Kiribati
        </h4>
      </div>
      <div
        class="country-name"
        role="button"
        tabindex="0"
        title="Kuwait"
      >
        <svg
          class="icon"
          height="25px"
          width="25px"
        >
          <use
            xlink:href="/flags.svg#KW"
            xmlns:xlink="http://www.w3.org/1999/xlink"
          />
        </svg>
        <h4
          class="inactive-country"
        >
          Kuwait
        </h4>
      </div>
      <div
        class="country-name"
        role="button"
        tabindex="0"
        title="Kyrgyzstan"
      >
        <svg
          class="icon"
          height="25px"
          width="25px"
        >
          <use
            xlink:href="/flags.svg#KG"
            xmlns:xlink="http://www.w3.org/1999/xlink"
          />
        </svg>
        <h4
          class="inactive-country"
        >
          Kyrgyzstan
        </h4>
      </div>
      <div
        class="country-name"
        role="button"
        tabindex="0"
        title="Laos"
      >
        <svg
          class="icon"
          height="25px"
          width="25px"
        >
          <use
            xlink:href="/flags.svg#LA"
            xmlns:xlink="http://www.w3.org/1999/xlink"
          />
        </svg>
        <h4
          class="inactive-country"
        >
          Laos
        </h4>
      </div>
      <div
        class="country-name"
        role="button"
        tabindex="0"
        title="Latvia"
      >
        <svg
          class="icon"
          height="25px"
          width="25px"
        >
          <use
            xlink:href="/flags.svg#LV"
            xmlns:xlink="http://www.w3.org/1999/xlink"
          />
        </svg>
        <h4
          class="inactive-country"
        >
          Latvia
        </h4>
      </div>
      <div
        class="country-name"
        role="button"
        tabindex="0"
        title="Lebanon"
      >
        <svg
          class="icon"
          height="25px"
          width="25px"
        >
          <use
            xlink:href="/flags.svg#LB"
            xmlns:xlink="http://www.w3.org/1999/xlink"
          />
        </svg>
        <h4
          class="inactive-country"
        >
          Lebanon
        </h4>
      </div>
      <div
        class="country-name"
        role="button"
        tabindex="0"
        title="Lesotho"
      >
        <svg
          class="icon"
          height="25px"
          width="25px"
        >
          <use
            xlink:href="/flags.svg#LS"
            xmlns:xlink="http://www.w3.org/1999/xlink"
          />
        </svg>
        <h4
          class="inactive-country"
        >
          Lesotho
        </h4>
      </div>
      <div
        class="country-name"
        role="button"
        tabindex="0"
        title="Liberia"
      >
        <svg
          class="icon"
          height="25px"
          width="25px"
        >
          <use
            xlink:href="/flags.svg#LR"
            xmlns:xlink="http://www.w3.org/1999/xlink"
          />
        </svg>
        <h4
          class="inactive-country"
        >
          Liberia
        </h4>
      </div>
      <div
        class="country-name"
        role="button"
        tabindex="0"
        title="Libya"
      >
        <svg
          class="icon"
          height="25px"
          width="25px"
        >
          <use
            xlink:href="/flags.svg#LY"
            xmlns:xlink="http://www.w3.org/1999/xlink"
          />
        </svg>
        <h4
          class="inactive-country"
        >
          Libya
        </h4>
      </div>
      <div
        class="country-name"
        role="button"
        tabindex="0"
        title="Liechtenstein"
      >
        <svg
          class="icon"
          height="25px"
          width="25px"
        >
          <use
            xlink:href="/flags.svg#LI"
            xmlns:xlink="http://www.w3.org/1999/xlink"
          />
        </svg>
        <h4
          class="inactive-country"
        >
          Liechtenstein
        </h4>
      </div>
      <div
        class="country-name"
        role="button"
        tabindex="0"
        title="Lithuania"
      >
        <svg
          class="icon"
          height="25px"
          width="25px"
        >
          <use
            xlink:href="/flags.svg#LT"
            xmlns:xlink="http://www.w3.org/1999/xlink"
          />
        </svg>
        <h4
          class="inactive-country"
        >
          Lithuania
        </h4>
      </div>
      <div
        class="country-name"
        role="button"
        tabindex="0"
        title="Luxembourg"
      >
        <svg
          class="icon"
          height="25px"
          width="25px"
        >
          <use
            xlink:href="/flags.svg#LU"
            xmlns:xlink="http://www.w3.org/1999/xlink"
          />
        </svg>
        <h4
          class="inactive-country"
        >
          Luxembourg
        </h4>
      </div>
      <div
        class="country-name"
        role="button"
        tabindex="0"
        title="Macedonia"
      >
        <svg
          class="icon"
          height="25px"
          width="25px"
        >
          <use
            xlink:href="/flags.svg#MK"
            xmlns:xlink="http://www.w3.org/1999/xlink"
          />
        </svg>
        <h4
          class="inactive-country"
        >
          Macedonia
        </h4>
      </div>
      <div
        class="country-name"
        role="button"
        tabindex="0"
        title="Madagascar"
      >
        <svg
          class="icon"
          height="25px"
          width="25px"
        >
          <use
            xlink:href="/flags.svg#MG"
            xmlns:xlink="http://www.w3.org/1999/xlink"
          />
        </svg>
        <h4
          class="inactive-country"
        >
          Madagascar
        </h4>
      </div>
      <div
        class="country-name"
        role="button"
        tabindex="0"
        title="Malawi"
      >
        <svg
          class="icon"
          height="25px"
          width="25px"
        >
          <use
            xlink:href="/flags.svg#MW"
            xmlns:xlink="http://www.w3.org/1999/xlink"
          />
        </svg>
        <h4
          class="inactive-country"
        >
          Malawi
        </h4>
      </div>
      <div
        class="country-name"
        role="button"
        tabindex="0"
        title="Malaysia"
      >
        <svg
          class="icon"
          height="25px"
          width="25px"
        >
          <use
            xlink:href="/flags.svg#MY"
            xmlns:xlink="http://www.w3.org/1999/xlink"
          />
        </svg>
        <h4
          class="inactive-country"
        >
          Malaysia
        </h4>
      </div>
      <div
        class="country-name"
        role="button"
        tabindex="0"
        title="Maldives"
      >
        <svg
          class="icon"
          height="25px"
          width="25px"
        >
          <use
            xlink:href="/flags.svg#MV"
            xmlns:xlink="http://www.w3.org/1999/xlink"
          />
        </svg>
        <h4
          class="inactive-country"
        >
          Maldives
        </h4>
      </div>
      <div
        class="country-name"
        role="button"
        tabindex="0"
        title="Mali"
      >
        <svg
          class="icon"
          height="25px"
          width="25px"
        >
          <use
            xlink:href="/flags.svg#ML"
            xmlns:xlink="http://www.w3.org/1999/xlink"
          />
        </svg>
        <h4
          class="inactive-country"
        >
          Mali
        </h4>
      </div>
      <div
        class="country-name"
        role="button"
        tabindex="0"
        title="Malta"
      >
        <svg
          class="icon"
          height="25px"
          width="25px"
        >
          <use
            xlink:href="/flags.svg#MT"
            xmlns:xlink="http://www.w3.org/1999/xlink"
          />
        </svg>
        <h4
          class="inactive-country"
        >
          Malta
        </h4>
      </div>
      <div
        class="country-name"
        role="button"
        tabindex="0"
        title="Mauritania"
      >
        <svg
          class="icon"
          height="25px"
          width="25px"
        >
          <use
            xlink:href="/flags.svg#MR"
            xmlns:xlink="http://www.w3.org/1999/xlink"
          />
        </svg>
        <h4
          class="inactive-country"
        >
          Mauritania
        </h4>
      </div>
      <div
        class="country-name"
        role="button"
        tabindex="0"
        title="Mauritius"
      >
        <svg
          class="icon"
          height="25px"
          width="25px"
        >
          <use
            xlink:href="/flags.svg#MU"
            xmlns:xlink="http://www.w3.org/1999/xlink"
          />
        </svg>
        <h4
          class="inactive-country"
        >
          Mauritius
        </h4>
      </div>
      <div
        class="country-name"
        role="button"
        tabindex="0"
        title="Mayotte"
      >
        <svg
          class="icon"
          height="25px"
          width="25px"
        >
          <use
            xlink:href="/flags.svg#YT"
            xmlns:xlink="http://www.w3.org/1999/xlink"
          />
        </svg>
        <h4
          class="inactive-country"
        >
          Mayotte
        </h4>
      </div>
      <div
        class="country-name"
        role="button"
        tabindex="0"
        title="Mexico"
      >
        <svg
          class="icon"
          height="25px"
          width="25px"
        >
          <use
            xlink:href="/flags.svg#MX"
            xmlns:xlink="http://www.w3.org/1999/xlink"
          />
        </svg>
        <h4
          class="inactive-country"
        >
          Mexico
        </h4>
      </div>
      <div
        class="country-name"
        role="button"
        tabindex="0"
        title="Micronesia"
      >
        <svg
          class="icon"
          height="25px"
          width="25px"
        >
          <use
            xlink:href="/flags.svg#FM"
            xmlns:xlink="http://www.w3.org/1999/xlink"
          />
        </svg>
        <h4
          class="inactive-country"
        >
          Micronesia
        </h4>
      </div>
      <div
        class="country-name"
        role="button"
        tabindex="0"
        title="Moldova"
      >
        <svg
          class="icon"
          height="25px"
          width="25px"
        >
          <use
            xlink:href="/flags.svg#MD"
            xmlns:xlink="http://www.w3.org/1999/xlink"
          />
        </svg>
        <h4
          class="inactive-country"
        >
          Moldova
        </h4>
      </div>
      <div
        class="country-name"
        role="button"
        tabindex="0"
        title="Monaco"
      >
        <svg
          class="icon"
          height="25px"
          width="25px"
        >
          <use
            xlink:href="/flags.svg#MC"
            xmlns:xlink="http://www.w3.org/1999/xlink"
          />
        </svg>
        <h4
          class="inactive-country"
        >
          Monaco
        </h4>
      </div>
      <div
        class="country-name"
        role="button"
        tabindex="0"
        title="Mongolia"
      >
        <svg
          class="icon"
          height="25px"
          width="25px"
        >
          <use
            xlink:href="/flags.svg#MN"
            xmlns:xlink="http://www.w3.org/1999/xlink"
          />
        </svg>
        <h4
          class="inactive-country"
        >
          Mongolia
        </h4>
      </div>
      <div
        class="country-name"
        role="button"
        tabindex="0"
        title="Montenegro"
      >
        <svg
          class="icon"
          height="25px"
          width="25px"
        >
          <use
            xlink:href="/flags.svg#ME"
            xmlns:xlink="http://www.w3.org/1999/xlink"
          />
        </svg>
        <h4
          class="inactive-country"
        >
          Montenegro
        </h4>
      </div>
      <div
        class="country-name"
        role="button"
        tabindex="0"
        title="Morocco"
      >
        <svg
          class="icon"
          height="25px"
          width="25px"
        >
          <use
            xlink:href="/flags.svg#MA"
            xmlns:xlink="http://www.w3.org/1999/xlink"
          />
        </svg>
        <h4
          class="inactive-country"
        >
          Morocco
        </h4>
      </div>
      <div
        class="country-name"
        role="button"
        tabindex="0"
        title="Mozambique"
      >
        <svg
          class="icon"
          height="25px"
          width="25px"
        >
          <use
            xlink:href="/flags.svg#MZ"
            xmlns:xlink="http://www.w3.org/1999/xlink"
          />
        </svg>
        <h4
          class="inactive-country"
        >
          Mozambique
        </h4>
      </div>
      <div
        class="country-name"
        role="button"
        tabindex="0"
        title="Myanmar (Burma)"
      >
        <svg
          class="icon"
          height="25px"
          width="25px"
        >
          <use
            xlink:href="/flags.svg#MM"
            xmlns:xlink="http://www.w3.org/1999/xlink"
          />
        </svg>
        <h4
          class="inactive-country"
        >
          Myanmar (Burma)
        </h4>
      </div>
      <div
        class="country-name"
        role="button"
        tabindex="0"
        title="Namibia"
      >
        <svg
          class="icon"
          height="25px"
          width="25px"
        >
          <use
            xlink:href="/flags.svg#NA"
            xmlns:xlink="http://www.w3.org/1999/xlink"
          />
        </svg>
        <h4
          class="inactive-country"
        >
          Namibia
        </h4>
      </div>
      <div
        class="country-name"
        role="button"
        tabindex="0"
        title="Nauru"
      >
        <svg
          class="icon"
          height="25px"
          width="25px"
        >
          <use
            xlink:href="/flags.svg#NR"
            xmlns:xlink="http://www.w3.org/1999/xlink"
          />
        </svg>
        <h4
          class="inactive-country"
        >
          Nauru
        </h4>
      </div>
      <div
        class="country-name"
        role="button"
        tabindex="0"
        title="Nepal"
      >
        <svg
          class="icon"
          height="25px"
          width="25px"
        >
          <use
            xlink:href="/flags.svg#NP"
            xmlns:xlink="http://www.w3.org/1999/xlink"
          />
        </svg>
        <h4
          class="inactive-country"
        >
          Nepal
        </h4>
      </div>
      <div
        class="country-name"
        role="button"
        tabindex="0"
        title="Netherlands"
      >
        <svg
          class="icon"
          height="25px"
          width="25px"
        >
          <use
            xlink:href="/flags.svg#NL"
            xmlns:xlink="http://www.w3.org/1999/xlink"
          />
        </svg>
        <h4
          class="inactive-country"
        >
          Netherlands
        </h4>
      </div>
      <div
        class="country-name"
        role="button"
        tabindex="0"
        title="New Zealand"
      >
        <svg
          class="icon"
          height="25px"
          width="25px"
        >
          <use
            xlink:href="/flags.svg#NZ"
            xmlns:xlink="http://www.w3.org/1999/xlink"
          />
        </svg>
        <h4
          class="inactive-country"
        >
          New Zealand
        </h4>
      </div>
      <div
        class="country-name"
        role="button"
        tabindex="0"
        title="Nicaragua"
      >
        <svg
          class="icon"
          height="25px"
          width="25px"
        >
          <use
            xlink:href="/flags.svg#NI"
            xmlns:xlink="http://www.w3.org/1999/xlink"
          />
        </svg>
        <h4
          class="inactive-country"
        >
          Nicaragua
        </h4>
      </div>
      <div
        class="country-name"
        role="button"
        tabindex="0"
        title="Niger"
      >
        <svg
          class="icon"
          height="25px"
          width="25px"
        >
          <use
            xlink:href="/flags.svg#NE"
            xmlns:xlink="http://www.w3.org/1999/xlink"
          />
        </svg>
        <h4
          class="inactive-country"
        >
          Niger
        </h4>
      </div>
      <div
        class="country-name"
        role="button"
        tabindex="0"
        title="Nigeria"
      >
        <svg
          class="icon"
          height="25px"
          width="25px"
        >
          <use
            xlink:href="/flags.svg#NG"
            xmlns:xlink="http://www.w3.org/1999/xlink"
          />
        </svg>
        <h4
          class="inactive-country"
        >
          Nigeria
        </h4>
      </div>
      <div
        class="country-name"
        role="button"
        tabindex="0"
        title="Norway"
      >
        <svg
          class="icon"
          height="25px"
          width="25px"
        >
          <use
            xlink:href="/flags.svg#NO"
            xmlns:xlink="http://www.w3.org/1999/xlink"
          />
        </svg>
        <h4
          class="inactive-country"
        >
          Norway
        </h4>
      </div>
      <div
        class="country-name"
        role="button"
        tabindex="0"
        title="Oman"
      >
        <svg
          class="icon"
          height="25px"
          width="25px"
        >
          <use
            xlink:href="/flags.svg#OM"
            xmlns:xlink="http://www.w3.org/1999/xlink"
          />
        </svg>
        <h4
          class="inactive-country"
        >
          Oman
        </h4>
      </div>
      <div
        class="country-name"
        role="button"
        tabindex="0"
        title="Pakistan"
      >
        <svg
          class="icon"
          height="25px"
          width="25px"
        >
          <use
            xlink:href="/flags.svg#PK"
            xmlns:xlink="http://www.w3.org/1999/xlink"
          />
        </svg>
        <h4
          class="inactive-country"
        >
          Pakistan
        </h4>
      </div>
      <div
        class="country-name"
        role="button"
        tabindex="0"
        title="Palau"
      >
        <svg
          class="icon"
          height="25px"
          width="25px"
        >
          <use
            xlink:href="/flags.svg#PW"
            xmlns:xlink="http://www.w3.org/1999/xlink"
          />
        </svg>
        <h4
          class="inactive-country"
        >
          Palau
        </h4>
      </div>
      <div
        class="country-name"
        role="button"
        tabindex="0"
        title="Palestine"
      >
        <svg
          class="icon"
          height="25px"
          width="25px"
        >
          <use
            xlink:href="/flags.svg#PS"
            xmlns:xlink="http://www.w3.org/1999/xlink"
          />
        </svg>
        <h4
          class="inactive-country"
        >
          Palestine
        </h4>
      </div>
      <div
        class="country-name"
        role="button"
        tabindex="0"
        title="Panama"
      >
        <svg
          class="icon"
          height="25px"
          width="25px"
        >
          <use
            xlink:href="/flags.svg#PA"
            xmlns:xlink="http://www.w3.org/1999/xlink"
          />
        </svg>
        <h4
          class="inactive-country"
        >
          Panama
        </h4>
      </div>
      <div
        class="country-name"
        role="button"
        tabindex="0"
        title="Papua New Guinea"
      >
        <svg
          class="icon"
          height="25px"
          width="25px"
        >
          <use
            xlink:href="/flags.svg#PG"
            xmlns:xlink="http://www.w3.org/1999/xlink"
          />
        </svg>
        <h4
          class="inactive-country"
        >
          Papua New Guinea
        </h4>
      </div>
      <div
        class="country-name"
        role="button"
        tabindex="0"
        title="Paraguay"
      >
        <svg
          class="icon"
          height="25px"
          width="25px"
        >
          <use
            xlink:href="/flags.svg#PY"
            xmlns:xlink="http://www.w3.org/1999/xlink"
          />
        </svg>
        <h4
          class="inactive-country"
        >
          Paraguay
        </h4>
      </div>
      <div
        class="country-name"
        role="button"
        tabindex="0"
        title="Peru"
      >
        <svg
          class="icon"
          height="25px"
          width="25px"
        >
          <use
            xlink:href="/flags.svg#PE"
            xmlns:xlink="http://www.w3.org/1999/xlink"
          />
        </svg>
        <h4
          class="inactive-country"
        >
          Peru
        </h4>
      </div>
      <div
        class="country-name"
        role="button"
        tabindex="0"
        title="Philippines"
      >
        <svg
          class="icon"
          height="25px"
          width="25px"
        >
          <use
            xlink:href="/flags.svg#PH"
            xmlns:xlink="http://www.w3.org/1999/xlink"
          />
        </svg>
        <h4
          class="inactive-country"
        >
          Philippines
        </h4>
      </div>
      <div
        class="country-name"
        role="button"
        tabindex="0"
        title="Poland"
      >
        <svg
          class="icon"
          height="25px"
          width="25px"
        >
          <use
            xlink:href="/flags.svg#PL"
            xmlns:xlink="http://www.w3.org/1999/xlink"
          />
        </svg>
        <h4
          class="inactive-country"
        >
          Poland
        </h4>
      </div>
      <div
        class="country-name"
        role="button"
        tabindex="0"
        title="Portugal"
      >
        <svg
          class="icon"
          height="25px"
          width="25px"
        >
          <use
            xlink:href="/flags.svg#PT"
            xmlns:xlink="http://www.w3.org/1999/xlink"
          />
        </svg>
        <h4
          class="inactive-country"
        >
          Portugal
        </h4>
      </div>
      <div
        class="country-name"
        role="button"
        tabindex="0"
        title="Puerto Rico"
      >
        <svg
          class="icon"
          height="25px"
          width="25px"
        >
          <use
            xlink:href="/flags.svg#PR"
            xmlns:xlink="http://www.w3.org/1999/xlink"
          />
        </svg>
        <h4
          class="inactive-country"
        >
          Puerto Rico
        </h4>
      </div>
      <div
        class="country-name"
        role="button"
        tabindex="0"
        title="Qatar"
      >
        <svg
          class="icon"
          height="25px"
          width="25px"
        >
          <use
            xlink:href="/flags.svg#QA"
            xmlns:xlink="http://www.w3.org/1999/xlink"
          />
        </svg>
        <h4
          class="inactive-country"
        >
          Qatar
        </h4>
      </div>
      <div
        class="country-name"
        role="button"
        tabindex="0"
        title="Republic of the Congo"
      >
        <svg
          class="icon"
          height="25px"
          width="25px"
        >
          <use
            xlink:href="/flags.svg#CG"
            xmlns:xlink="http://www.w3.org/1999/xlink"
          />
        </svg>
        <h4
          class="inactive-country"
        >
          Republic of the Congo
        </h4>
      </div>
      <div
        class="country-name"
        role="button"
        tabindex="0"
        title="Romania"
      >
        <svg
          class="icon"
          height="25px"
          width="25px"
        >
          <use
            xlink:href="/flags.svg#RO"
            xmlns:xlink="http://www.w3.org/1999/xlink"
          />
        </svg>
        <h4
          class="inactive-country"
        >
          Romania
        </h4>
      </div>
      <div
        class="country-name"
        role="button"
        tabindex="0"
        title="Russia"
      >
        <svg
          class="icon"
          height="25px"
          width="25px"
        >
          <use
            xlink:href="/flags.svg#RU"
            xmlns:xlink="http://www.w3.org/1999/xlink"
          />
        </svg>
        <h4
          class="inactive-country"
        >
          Russia
        </h4>
      </div>
      <div
        class="country-name"
        role="button"
        tabindex="0"
        title="Rwanda"
      >
        <svg
          class="icon"
          height="25px"
          width="25px"
        >
          <use
            xlink:href="/flags.svg#RW"
            xmlns:xlink="http://www.w3.org/1999/xlink"
          />
        </svg>
        <h4
          class="inactive-country"
        >
          Rwanda
        </h4>
      </div>
      <div
        class="country-name"
        role="button"
        tabindex="0"
        title="Réunion"
      >
        <svg
          class="icon"
          height="25px"
          width="25px"
        >
          <use
            xlink:href="/flags.svg#RE"
            xmlns:xlink="http://www.w3.org/1999/xlink"
          />
        </svg>
        <h4
          class="inactive-country"
        >
          Réunion
        </h4>
      </div>
      <div
        class="country-name"
        role="button"
        tabindex="0"
        title="Saint Kitts and Nevis"
      >
        <svg
          class="icon"
          height="25px"
          width="25px"
        >
          <use
            xlink:href="/flags.svg#KN"
            xmlns:xlink="http://www.w3.org/1999/xlink"
          />
        </svg>
        <h4
          class="inactive-country"
        >
          Saint Kitts and Nevis
        </h4>
      </div>
      <div
        class="country-name"
        role="button"
        tabindex="0"
        title="Saint Lucia"
      >
        <svg
          class="icon"
          height="25px"
          width="25px"
        >
          <use
            xlink:href="/flags.svg#LC"
            xmlns:xlink="http://www.w3.org/1999/xlink"
          />
        </svg>
        <h4
          class="inactive-country"
        >
          Saint Lucia
        </h4>
      </div>
      <div
        class="country-name"
        role="button"
        tabindex="0"
        title="Saudi Arabia"
      >
        <svg
          class="icon"
          height="25px"
          width="25px"
        >
          <use
            xlink:href="/flags.svg#SA"
            xmlns:xlink="http://www.w3.org/1999/xlink"
          />
        </svg>
        <h4
          class="inactive-country"
        >
          Saudi Arabia
        </h4>
      </div>
      <div
        class="country-name"
        role="button"
        tabindex="0"
        title="Senegal"
      >
        <svg
          class="icon"
          height="25px"
          width="25px"
        >
          <use
            xlink:href="/flags.svg#SN"
            xmlns:xlink="http://www.w3.org/1999/xlink"
          />
        </svg>
        <h4
          class="inactive-country"
        >
          Senegal
        </h4>
      </div>
      <div
        class="country-name"
        role="button"
        tabindex="0"
        title="Serbia"
      >
        <svg
          class="icon"
          height="25px"
          width="25px"
        >
          <use
            xlink:href="/flags.svg#RS"
            xmlns:xlink="http://www.w3.org/1999/xlink"
          />
        </svg>
        <h4
          class="inactive-country"
        >
          Serbia
        </h4>
      </div>
      <div
        class="country-name"
        role="button"
        tabindex="0"
        title="Sierra Leone"
      >
        <svg
          class="icon"
          height="25px"
          width="25px"
        >
          <use
            xlink:href="/flags.svg#SL"
            xmlns:xlink="http://www.w3.org/1999/xlink"
          />
        </svg>
        <h4
          class="inactive-country"
        >
          Sierra Leone
        </h4>
      </div>
      <div
        class="country-name"
        role="button"
        tabindex="0"
        title="Singapore"
      >
        <svg
          class="icon"
          height="25px"
          width="25px"
        >
          <use
            xlink:href="/flags.svg#SG"
            xmlns:xlink="http://www.w3.org/1999/xlink"
          />
        </svg>
        <h4
          class="inactive-country"
        >
          Singapore
        </h4>
      </div>
      <div
        class="country-name"
        role="button"
        tabindex="0"
        title="Slovakia"
      >
        <svg
          class="icon"
          height="25px"
          width="25px"
        >
          <use
            xlink:href="/flags.svg#SK"
            xmlns:xlink="http://www.w3.org/1999/xlink"
          />
        </svg>
        <h4
          class="inactive-country"
        >
          Slovakia
        </h4>
      </div>
      <div
        class="country-name"
        role="button"
        tabindex="0"
        title="Slovenia"
      >
        <svg
          class="icon"
          height="25px"
          width="25px"
        >
          <use
            xlink:href="/flags.svg#SI"
            xmlns:xlink="http://www.w3.org/1999/xlink"
          />
        </svg>
        <h4
          class="inactive-country"
        >
          Slovenia
        </h4>
      </div>
      <div
        class="country-name"
        role="button"
        tabindex="0"
        title="Somalia"
      >
        <svg
          class="icon"
          height="25px"
          width="25px"
        >
          <use
            xlink:href="/flags.svg#SO"
            xmlns:xlink="http://www.w3.org/1999/xlink"
          />
        </svg>
        <h4
          class="inactive-country"
        >
          Somalia
        </h4>
      </div>
      <div
        class="country-name"
        role="button"
        tabindex="0"
        title="South Africa"
      >
        <svg
          class="icon"
          height="25px"
          width="25px"
        >
          <use
            xlink:href="/flags.svg#ZA"
            xmlns:xlink="http://www.w3.org/1999/xlink"
          />
        </svg>
        <h4
          class="inactive-country"
        >
          South Africa
        </h4>
      </div>
      <div
        class="country-name"
        role="button"
        tabindex="0"
        title="South Korea"
      >
        <svg
          class="icon"
          height="25px"
          width="25px"
        >
          <use
            xlink:href="/flags.svg#KR"
            xmlns:xlink="http://www.w3.org/1999/xlink"
          />
        </svg>
        <h4
          class="inactive-country"
        >
          South Korea
        </h4>
      </div>
      <div
        class="country-name"
        role="button"
        tabindex="0"
        title="South Sudan"
      >
        <svg
          class="icon"
          height="25px"
          width="25px"
        >
          <use
            xlink:href="/flags.svg#SS"
            xmlns:xlink="http://www.w3.org/1999/xlink"
          />
        </svg>
        <h4
          class="inactive-country"
        >
          South Sudan
        </h4>
      </div>
      <div
        class="country-name"
        role="button"
        tabindex="0"
        title="Spain"
      >
        <svg
          class="icon"
          height="25px"
          width="25px"
        >
          <use
            xlink:href="/flags.svg#ES"
            xmlns:xlink="http://www.w3.org/1999/xlink"
          />
        </svg>
        <h4
          class="inactive-country"
        >
          Spain
        </h4>
      </div>
      <div
        class="country-name"
        role="button"
        tabindex="0"
        title="Sri Lanka"
      >
        <svg
          class="icon"
          height="25px"
          width="25px"
        >
          <use
            xlink:href="/flags.svg#LK"
            xmlns:xlink="http://www.w3.org/1999/xlink"
          />
        </svg>
        <h4
          class="inactive-country"
        >
          Sri Lanka
        </h4>
      </div>
      <div
        class="country-name"
        role="button"
        tabindex="0"
        title="Sudan"
      >
        <svg
          class="icon"
          height="25px"
          width="25px"
        >
          <use
            xlink:href="/flags.svg#SD"
            xmlns:xlink="http://www.w3.org/1999/xlink"
          />
        </svg>
        <h4
          class="inactive-country"
        >
          Sudan
        </h4>
      </div>
      <div
        class="country-name"
        role="button"
        tabindex="0"
        title="Suriname"
      >
        <svg
          class="icon"
          height="25px"
          width="25px"
        >
          <use
            xlink:href="/flags.svg#SR"
            xmlns:xlink="http://www.w3.org/1999/xlink"
          />
        </svg>
        <h4
          class="inactive-country"
        >
          Suriname
        </h4>
      </div>
      <div
        class="country-name"
        role="button"
        tabindex="0"
        title="Swaziland"
      >
        <svg
          class="icon"
          height="25px"
          width="25px"
        >
          <use
            xlink:href="/flags.svg#SZ"
            xmlns:xlink="http://www.w3.org/1999/xlink"
          />
        </svg>
        <h4
          class="inactive-country"
        >
          Swaziland
        </h4>
      </div>
      <div
        class="country-name"
        role="button"
        tabindex="0"
        title="Sweden"
      >
        <svg
          class="icon"
          height="25px"
          width="25px"
        >
          <use
            xlink:href="/flags.svg#SE"
            xmlns:xlink="http://www.w3.org/1999/xlink"
          />
        </svg>
        <h4
          class="inactive-country"
        >
          Sweden
        </h4>
      </div>
      <div
        class="country-name"
        role="button"
        tabindex="0"
        title="Switzerland"
      >
        <svg
          class="icon"
          height="25px"
          width="25px"
        >
          <use
            xlink:href="/flags.svg#CH"
            xmlns:xlink="http://www.w3.org/1999/xlink"
          />
        </svg>
        <h4
          class="inactive-country"
        >
          Switzerland
        </h4>
      </div>
      <div
        class="country-name"
        role="button"
        tabindex="0"
        title="Syria"
      >
        <svg
          class="icon"
          height="25px"
          width="25px"
        >
          <use
            xlink:href="/flags.svg#SY"
            xmlns:xlink="http://www.w3.org/1999/xlink"
          />
        </svg>
        <h4
          class="inactive-country"
        >
          Syria
        </h4>
      </div>
      <div
        class="country-name"
        role="button"
        tabindex="0"
        title="Tajikistan"
      >
        <svg
          class="icon"
          height="25px"
          width="25px"
        >
          <use
            xlink:href="/flags.svg#TJ"
            xmlns:xlink="http://www.w3.org/1999/xlink"
          />
        </svg>
        <h4
          class="inactive-country"
        >
          Tajikistan
        </h4>
      </div>
      <div
        class="country-name"
        role="button"
        tabindex="0"
        title="Tanzania"
      >
        <svg
          class="icon"
          height="25px"
          width="25px"
        >
          <use
            xlink:href="/flags.svg#TZ"
            xmlns:xlink="http://www.w3.org/1999/xlink"
          />
        </svg>
        <h4
          class="inactive-country"
        >
          Tanzania
        </h4>
      </div>
      <div
        class="country-name"
        role="button"
        tabindex="0"
        title="Thailand"
      >
        <svg
          class="icon"
          height="25px"
          width="25px"
        >
          <use
            xlink:href="/flags.svg#TH"
            xmlns:xlink="http://www.w3.org/1999/xlink"
          />
        </svg>
        <h4
          class="inactive-country"
        >
          Thailand
        </h4>
      </div>
      <div
        class="country-name"
        role="button"
        tabindex="0"
        title="Togo"
      >
        <svg
          class="icon"
          height="25px"
          width="25px"
        >
          <use
            xlink:href="/flags.svg#TG"
            xmlns:xlink="http://www.w3.org/1999/xlink"
          />
        </svg>
        <h4
          class="inactive-country"
        >
          Togo
        </h4>
      </div>
      <div
        class="country-name"
        role="button"
        tabindex="0"
        title="Tonga"
      >
        <svg
          class="icon"
          height="25px"
          width="25px"
        >
          <use
            xlink:href="/flags.svg#TO"
            xmlns:xlink="http://www.w3.org/1999/xlink"
          />
        </svg>
        <h4
          class="inactive-country"
        >
          Tonga
        </h4>
      </div>
      <div
        class="country-name"
        role="button"
        tabindex="0"
        title="Tunisia"
      >
        <svg
          class="icon"
          height="25px"
          width="25px"
        >
          <use
            xlink:href="/flags.svg#TN"
            xmlns:xlink="http://www.w3.org/1999/xlink"
          />
        </svg>
        <h4
          class="inactive-country"
        >
          Tunisia
        </h4>
      </div>
      <div
        class="country-name"
        role="button"
        tabindex="0"
        title="Turkey"
      >
        <svg
          class="icon"
          height="25px"
          width="25px"
        >
          <use
            xlink:href="/flags.svg#TR"
            xmlns:xlink="http://www.w3.org/1999/xlink"
          />
        </svg>
        <h4
          class="inactive-country"
        >
          Turkey
        </h4>
      </div>
      <div
        class="country-name"
        role="button"
        tabindex="0"
        title="Turkmenistan"
      >
        <svg
          class="icon"
          height="25px"
          width="25px"
        >
          <use
            xlink:href="/flags.svg#TM"
            xmlns:xlink="http://www.w3.org/1999/xlink"
          />
        </svg>
        <h4
          class="inactive-country"
        >
          Turkmenistan
        </h4>
      </div>
      <div
        class="country-name"
        role="button"
        tabindex="0"
        title="Tuvalu"
      >
        <svg
          class="icon"
          height="25px"
          width="25px"
        >
          <use
            xlink:href="/flags.svg#TV"
            xmlns:xlink="http://www.w3.org/1999/xlink"
          />
        </svg>
        <h4
          class="inactive-country"
        >
          Tuvalu
        </h4>
      </div>
      <div
        class="country-name"
        role="button"
        tabindex="0"
        title="Uganda"
      >
        <svg
          class="icon"
          height="25px"
          width="25px"
        >
          <use
            xlink:href="/flags.svg#UG"
            xmlns:xlink="http://www.w3.org/1999/xlink"
          />
        </svg>
        <h4
          class="inactive-country"
        >
          Uganda
        </h4>
      </div>
      <div
        class="country-name"
        role="button"
        tabindex="0"
        title="Ukraine"
      >
        <svg
          class="icon"
          height="25px"
          width="25px"
        >
          <use
            xlink:href="/flags.svg#UA"
            xmlns:xlink="http://www.w3.org/1999/xlink"
          />
        </svg>
        <h4
          class="inactive-country"
        >
          Ukraine
        </h4>
      </div>
      <div
        class="country-name"
        role="button"
        tabindex="0"
        title="United Arab Emirates"
      >
        <svg
          class="icon"
          height="25px"
          width="25px"
        >
          <use
            xlink:href="/flags.svg#AE"
            xmlns:xlink="http://www.w3.org/1999/xlink"
          />
        </svg>
        <h4
          class="inactive-country"
        >
          United Arab Emirates
        </h4>
      </div>
      <div
        class="country-name"
        role="button"
        tabindex="0"
        title="United Kingdom"
      >
        <svg
          class="icon"
          height="25px"
          width="25px"
        >
          <use
            xlink:href="/flags.svg#GB"
            xmlns:xlink="http://www.w3.org/1999/xlink"
          />
        </svg>
        <h4
          class="inactive-country"
        >
          United Kingdom
        </h4>
      </div>
      <div
        class="country-name"
        role="button"
        tabindex="0"
        title="United States"
      >
        <svg
          class="icon"
          height="25px"
          width="25px"
        >
          <use
            xlink:href="/flags.svg#US"
            xmlns:xlink="http://www.w3.org/1999/xlink"
          />
        </svg>
        <h4
          class="inactive-country"
        >
          United States
        </h4>
      </div>
      <div
        class="country-name"
        role="button"
        tabindex="0"
        title="Uruguay"
      >
        <svg
          class="icon"
          height="25px"
          width="25px"
        >
          <use
            xlink:href="/flags.svg#UY"
            xmlns:xlink="http://www.w3.org/1999/xlink"
          />
        </svg>
        <h4
          class="inactive-country"
        >
          Uruguay
        </h4>
      </div>
      <div
        class="country-name"
        role="button"
        tabindex="0"
        title="Uzbekistan"
      >
        <svg
          class="icon"
          height="25px"
          width="25px"
        >
          <use
            xlink:href="/flags.svg#UZ"
            xmlns:xlink="http://www.w3.org/1999/xlink"
          />
        </svg>
        <h4
          class="inactive-country"
        >
          Uzbekistan
        </h4>
      </div>
      <div
        class="country-name"
        role="button"
        tabindex="0"
        title="Vanuatu"
      >
        <svg
          class="icon"
          height="25px"
          width="25px"
        >
          <use
            xlink:href="/flags.svg#VU"
            xmlns:xlink="http://www.w3.org/1999/xlink"
          />
        </svg>
        <h4
          class="inactive-country"
        >
          Vanuatu
        </h4>
      </div>
      <div
        class="country-name"
        role="button"
        tabindex="0"
        title="Vatican City"
      >
        <svg
          class="icon"
          height="25px"
          width="25px"
        >
          <use
            xlink:href="/flags.svg#VA"
            xmlns:xlink="http://www.w3.org/1999/xlink"
          />
        </svg>
        <h4
          class="inactive-country"
        >
          Vatican City
        </h4>
      </div>
      <div
        class="country-name"
        role="button"
        tabindex="0"
        title="Venezuela"
      >
        <svg
          class="icon"
          height="25px"
          width="25px"
        >
          <use
            xlink:href="/flags.svg#VE"
            xmlns:xlink="http://www.w3.org/1999/xlink"
          />
        </svg>
        <h4
          class="inactive-country"
        >
          Venezuela
        </h4>
      </div>
      <div
        class="country-name"
        role="button"
        tabindex="0"
        title="Vietnam"
      >
        <svg
          class="icon"
          height="25px"
          width="25px"
        >
          <use
            xlink:href="/flags.svg#VN"
            xmlns:xlink="http://www.w3.org/1999/xlink"
          />
        </svg>
        <h4
          class="inactive-country"
        >
          Vietnam
        </h4>
      </div>
      <div
        class="country-name"
        role="button"
        tabindex="0"
        title="Wallis and Futuna"
      >
        <svg
          class="icon"
          height="25px"
          width="25px"
        >
          <use
            xlink:href="/flags.svg#WF"
            xmlns:xlink="http://www.w3.org/1999/xlink"
          />
        </svg>
        <h4
          class="inactive-country"
        >
          Wallis and Futuna
        </h4>
      </div>
      <div
        class="country-name"
        role="button"
        tabindex="0"
        title="Western Sahara"
      >
        <svg
          class="icon"
          height="25px"
          width="25px"
        >
          <use
            xlink:href="/flags.svg#EH"
            xmlns:xlink="http://www.w3.org/1999/xlink"
          />
        </svg>
        <h4
          class="inactive-country"
        >
          Western Sahara
        </h4>
      </div>
      <div
        class="country-name"
        role="button"
        tabindex="0"
        title="Yemen"
      >
        <svg
          class="icon"
          height="25px"
          width="25px"
        >
          <use
            xlink:href="/flags.svg#YE"
            xmlns:xlink="http://www.w3.org/1999/xlink"
          />
        </svg>
        <h4
          class="inactive-country"
        >
          Yemen
        </h4>
      </div>
      <div
        class="country-name"
        role="button"
        tabindex="0"
        title="Zambia"
      >
        <svg
          class="icon"
          height="25px"
          width="25px"
        >
          <use
            xlink:href="/flags.svg#ZM"
            xmlns:xlink="http://www.w3.org/1999/xlink"
          />
        </svg>
        <h4
          class="inactive-country"
        >
          Zambia
        </h4>
      </div>
      <div
        class="country-name"
        role="button"
        tabindex="0"
        title="Zimbabwe"
      >
        <svg
          class="icon"
          height="25px"
          width="25px"
        >
          <use
            xlink:href="/flags.svg#ZW"
            xmlns:xlink="http://www.w3.org/1999/xlink"
          />
        </svg>
        <h4
          class="inactive-country"
        >
          Zimbabwe
        </h4>
      </div>
      <div
        class="country-name"
        role="button"
        tabindex="0"
        title="Solomon Islands"
      >
        <svg
          class="icon"
          height="25px"
          width="25px"
        >
          <use
            xlink:href="/flags.svg#SB"
            xmlns:xlink="http://www.w3.org/1999/xlink"
          />
        </svg>
        <h4
          class="inactive-country"
        >
          Solomon Islands
        </h4>
      </div>
    </div>
  </div>
</DocumentFragment>
`;

exports[`CountryList component should match snapshot of active list with an applied filter 1`] = `
<DocumentFragment>
  <div
    class="text-selection-section"
  >
    <div
      class="country-name-list"
    >
      <div
        class="pull-down-refresh"
        style="height: 0px; max-height: 0;"
      >
        <span
          style="text-align: center; width: 100%;"
        >
          Pull to Refresh
        </span>
      </div>
      <div
        class="country-name"
        role="button"
        tabindex="0"
        title="Réunion"
      >
        <svg
          class="icon"
          height="25px"
          width="25px"
        >
          <use
            xlink:href="/flags.svg#RE"
            xmlns:xlink="http://www.w3.org/1999/xlink"
          />
        </svg>
        <h4
          class="inactive-country"
        >
          Réunion
        </h4>
      </div>
      <div
        class="country-name"
        role="button"
        tabindex="0"
        title="Tunisia"
      >
        <svg
          class="icon"
          height="25px"
          width="25px"
        >
          <use
            xlink:href="/flags.svg#TN"
            xmlns:xlink="http://www.w3.org/1999/xlink"
          />
        </svg>
        <h4
          class="inactive-country"
        >
          Tunisia
        </h4>
      </div>
      <div
        class="country-name"
        role="button"
        tabindex="0"
        title="United Arab Emirates"
      >
        <svg
          class="icon"
          height="25px"
          width="25px"
        >
          <use
            xlink:href="/flags.svg#AE"
            xmlns:xlink="http://www.w3.org/1999/xlink"
          />
        </svg>
        <h4
          class="inactive-country"
        >
          United Arab Emirates
        </h4>
      </div>
      <div
        class="country-name"
        role="button"
        tabindex="0"
        title="United Kingdom"
      >
        <svg
          class="icon"
          height="25px"
          width="25px"
        >
          <use
            xlink:href="/flags.svg#GB"
            xmlns:xlink="http://www.w3.org/1999/xlink"
          />
        </svg>
        <h4
          class="inactive-country"
        >
          United Kingdom
        </h4>
      </div>
      <div
        class="country-name"
        role="button"
        tabindex="0"
        title="United States"
      >
        <svg
          class="icon"
          height="25px"
          width="25px"
        >
          <use
            xlink:href="/flags.svg#US"
            xmlns:xlink="http://www.w3.org/1999/xlink"
          />
        </svg>
        <h4
          class="inactive-country"
        >
          United States
        </h4>
      </div>
    </div>
  </div>
</DocumentFragment>
`;
