// Jest Snapshot v1, https://goo.gl/fbAQLP

exports[`CountryList component should match snapshot of active list 1`] = `
<DocumentFragment>
  <div
    class="text-selection-section"
  >
    <div
      class="country-name-list"
    >
      <div
        class="pull-down-refresh"
        style="height: 0px; max-height: 0;"
      >
        <span
          style="text-align: center; width: 100%;"
        >
          Pull to Refresh
        </span>
      </div>
      <div
        class="country-error-message"
      >
        There are no matches for your search.
      </div>
    </div>
  </div>
</DocumentFragment>
`;

exports[`CountryList component should match snapshot of active list with an applied filter 1`] = `
<DocumentFragment>
  <div
    class="text-selection-section"
  >
    <div
      class="country-name-list"
    >
      <div
        class="pull-down-refresh"
        style="height: 0px; max-height: 0;"
      >
        <span
          style="text-align: center; width: 100%;"
        >
          Pull to Refresh
        </span>
      </div>
      <div
        class="country-name"
        role="button"
        tabindex="0"
        title="Réunion"
      >
        <svg
          class="icon"
          height="25px"
          width="25px"
        >
          <use
            xlink:href="/flags.svg#RE"
            xmlns:xlink="http://www.w3.org/1999/xlink"
          />
        </svg>
        <h4
          class="inactive-country"
        >
          Réunion
        </h4>
      </div>
      <div
        class="country-name"
        role="button"
        tabindex="0"
        title="Tunisia"
      >
        <svg
          class="icon"
          height="25px"
          width="25px"
        >
          <use
            xlink:href="/flags.svg#TN"
            xmlns:xlink="http://www.w3.org/1999/xlink"
          />
        </svg>
        <h4
          class="inactive-country"
        >
          Tunisia
        </h4>
      </div>
      <div
        class="country-name"
        role="button"
        tabindex="0"
        title="United Arab Emirates"
      >
        <svg
          class="icon"
          height="25px"
          width="25px"
        >
          <use
            xlink:href="/flags.svg#AE"
            xmlns:xlink="http://www.w3.org/1999/xlink"
          />
        </svg>
        <h4
          class="inactive-country"
        >
          United Arab Emirates
        </h4>
      </div>
      <div
        class="country-name"
        role="button"
        tabindex="0"
        title="United Kingdom"
      >
        <svg
          class="icon"
          height="25px"
          width="25px"
        >
          <use
            xlink:href="/flags.svg#GB"
            xmlns:xlink="http://www.w3.org/1999/xlink"
          />
        </svg>
        <h4
          class="inactive-country"
        >
          United Kingdom
        </h4>
      </div>
      <div
        class="country-name"
        role="button"
        tabindex="0"
        title="United States"
      >
        <svg
          class="icon"
          height="25px"
          width="25px"
        >
          <use
            xlink:href="/flags.svg#US"
            xmlns:xlink="http://www.w3.org/1999/xlink"
          />
        </svg>
        <h4
          class="inactive-country"
        >
          United States
        </h4>
      </div>
    </div>
  </div>
</DocumentFragment>
`;
