// Jest Snapshot v1, https://goo.gl/fbAQLP

exports[`AudioProgressBar Component Should match previous snapshot 1`] = `
<div
  className="progress-slider"
  data-value-cur="00:00"
  data-value-dur="05:00"
>
  <div
    className="rc-slider rc-slider-horizontal"
    onMouseDown={[Function]}
  >
    <div
      className="rc-slider-rail"
      style={
        {
          "backgroundColor": "#5b5f64",
          "height": "4px",
        }
      }
    />
    <div
      className="rc-slider-track"
      onMouseDown={[Function]}
      onTouchStart={[Function]}
      style={
        {
          "backgroundColor": "rgba(98, 177, 130, 1)",
          "height": "4px",
          "left": "0%",
          "width": "0%",
        }
      }
    />
    <div
      className="rc-slider-step"
    />
    <div
      aria-disabled={false}
      aria-valuemax={100}
      aria-valuemin={0}
      aria-valuenow={0}
      className="rc-slider-handle"
      onKeyDown={[Function]}
      onMouseDown={[Function]}
      onTouchStart={[Function]}
      role="slider"
      style={
        {
          "backgroundColor": "rgba(0, 0, 0, 1)",
          "border": "2px solid rgba(98, 177, 130, 1)",
          "left": "0%",
          "top": "5px",
          "transform": "translateX(-50%)",
        }
      }
      tabIndex={0}
    />
  </div>
  <div
    className="audio-drama-toggle-container"
  >
    <button
      className="audio-drama-toggle-button active"
      id="drama-button"
      onClick={[MockFunction]}
      type="button"
    >
      Drama
    </button>
    <button
      className="audio-drama-toggle-button"
      id="non-drama-button"
      onClick={[MockFunction]}
      type="button"
    >
      Non-Drama
    </button>
  </div>
</div>
`;
