// Jest Snapshot v1, https://jestjs.io/docs/snapshot-testing

exports[`<MyHighlights /> component should match snapshot with expected props 1`] = `
<DocumentFragment>
  <div
    class="highlight-item"
    id="24440733_rgba(173,221,121,0.7)"
  >
    <a
      href="/bible/ENGNAB/EPH/4"
    >
      <button
        class="list-item"
        type="button"
      >
        <div
          class="title-text"
        >
          <h4
            class="title"
          >
            EPH - 4:14 - (ENGNAB)
          </h4>
          <h4
            class="text"
          >
            ENGNAB
          </h4>
        </div>
      </button>
    </a>
    <button
      class="edit-color"
      id="24440733_rgba(173,221,121,0.7)-edit"
      tabindex="0"
      type="button"
    >
      <span
        class="color-icon"
        style="background-color: rgba(173, 221, 121, 0.7);"
      />
      <span>
        Edit
      </span>
    </button>
    <div
      class="delete-highlight"
    >
      <svg
        class="icon"
        id="24440733_rgba(173,221,121,0.7)-delete"
      >
        <use
          xlink:href="/svglist.svg#delete"
          xmlns:xlink="http://www.w3.org/1999/xlink"
        />
      </svg>
      <span>
        Delete
      </span>
    </div>
  </div>
  <div
    class="highlight-item"
    id="25827775_rgba(252,230,0,0.5)"
  >
    <a
      href="/bible/ENGESV/MAT/3"
    >
      <button
        class="list-item"
        type="button"
      >
        <div
          class="title-text"
        >
          <h4
            class="title"
          >
            MAT - 3:3 - (ENGESV)
          </h4>
          <h4
            class="text"
          >
            ENGESV
          </h4>
        </div>
      </button>
    </a>
    <button
      class="edit-color"
      id="25827775_rgba(252,230,0,0.5)-edit"
      tabindex="0"
      type="button"
    >
      <span
        class="color-icon"
        style="background-color: rgba(252, 230, 0, 0.5);"
      />
      <span>
        Edit
      </span>
    </button>
    <div
      class="delete-highlight"
    >
      <svg
        class="icon"
        id="25827775_rgba(252,230,0,0.5)-delete"
      >
        <use
          xlink:href="/svglist.svg#delete"
          xmlns:xlink="http://www.w3.org/1999/xlink"
        />
      </svg>
      <span>
        Delete
      </span>
    </div>
  </div>
  <div
    class="highlight-item"
    id="25827776_rgba(84,185,72,0.5)"
  >
    <a
      href="/bible/ENGESV/MRK/16"
    >
      <button
        class="list-item"
        type="button"
      >
        <div
          class="title-text"
        >
          <h4
            class="title"
          >
            MRK - 16:5 - (ENGESV)
          </h4>
          <h4
            class="text"
          >
            ENGESV
          </h4>
        </div>
      </button>
    </a>
    <button
      class="edit-color"
      id="25827776_rgba(84,185,72,0.5)-edit"
      tabindex="0"
      type="button"
    >
      <span
        class="color-icon"
        style="background-color: rgba(84, 185, 72, 0.5);"
      />
      <span>
        Edit
      </span>
    </button>
    <div
      class="delete-highlight"
    >
      <svg
        class="icon"
        id="25827776_rgba(84,185,72,0.5)-delete"
      >
        <use
          xlink:href="/svglist.svg#delete"
          xmlns:xlink="http://www.w3.org/1999/xlink"
        />
      </svg>
      <span>
        Delete
      </span>
    </div>
  </div>
  <div
    class="highlight-item"
    id="25827777_rgba(84,185,72,0.5)"
  >
    <a
      href="/bible/ENGESV/MAT/1"
    >
      <button
        class="list-item"
        type="button"
      >
        <div
          class="title-text"
        >
          <h4
            class="title"
          >
            MAT - 1:4 - (ENGESV)
          </h4>
          <h4
            class="text"
          >
            ENGESV
          </h4>
        </div>
      </button>
    </a>
    <button
      class="edit-color"
      id="25827777_rgba(84,185,72,0.5)-edit"
      tabindex="0"
      type="button"
    >
      <span
        class="color-icon"
        style="background-color: rgba(84, 185, 72, 0.5);"
      />
      <span>
        Edit
      </span>
    </button>
    <div
      class="delete-highlight"
    >
      <svg
        class="icon"
        id="25827777_rgba(84,185,72,0.5)-delete"
      >
        <use
          xlink:href="/svglist.svg#delete"
          xmlns:xlink="http://www.w3.org/1999/xlink"
        />
      </svg>
      <span>
        Delete
      </span>
    </div>
  </div>
  <div
    class="highlight-item"
    id="25827778_rgba(80,165,220,0.5)"
  >
    <a
      href="/bible/ENGESV/MAT/1"
    >
      <button
        class="list-item"
        type="button"
      >
        <div
          class="title-text"
        >
          <h4
            class="title"
          >
            MAT - 1:17 - (ENGESV)
          </h4>
          <h4
            class="text"
          >
            ENGESV
          </h4>
        </div>
      </button>
    </a>
    <button
      class="edit-color"
      id="25827778_rgba(80,165,220,0.5)-edit"
      tabindex="0"
      type="button"
    >
      <span
        class="color-icon"
        style="background-color: rgba(80, 165, 220, 0.5);"
      />
      <span>
        Edit
      </span>
    </button>
    <div
      class="delete-highlight"
    >
      <svg
        class="icon"
        id="25827778_rgba(80,165,220,0.5)-delete"
      >
        <use
          xlink:href="/svglist.svg#delete"
          xmlns:xlink="http://www.w3.org/1999/xlink"
        />
      </svg>
      <span>
        Delete
      </span>
    </div>
  </div>
  <div
    class="highlight-item"
    id="25827779_rgba(252,230,0,0.5)"
  >
    <a
      href="/bible/ENGESV/MAT/1"
    >
      <button
        class="list-item"
        type="button"
      >
        <div
          class="title-text"
        >
          <h4
            class="title"
          >
            MAT - 1:6 - (ENGESV)
          </h4>
          <h4
            class="text"
          >
            ENGESV
          </h4>
        </div>
      </button>
    </a>
    <button
      class="edit-color"
      id="25827779_rgba(252,230,0,0.5)-edit"
      tabindex="0"
      type="button"
    >
      <span
        class="color-icon"
        style="background-color: rgba(252, 230, 0, 0.5);"
      />
      <span>
        Edit
      </span>
    </button>
    <div
      class="delete-highlight"
    >
      <svg
        class="icon"
        id="25827779_rgba(252,230,0,0.5)-delete"
      >
        <use
          xlink:href="/svglist.svg#delete"
          xmlns:xlink="http://www.w3.org/1999/xlink"
        />
      </svg>
      <span>
        Delete
      </span>
    </div>
  </div>
</DocumentFragment>
`;
