// Jest Snapshot v1, https://goo.gl/fbAQLP

exports[`<MyHighlights /> component should match snapshot with expected props 1`] = `
[
  <div
    className="highlight-item"
    id="24440733_rgba(173,221,121,0.7)"
  >
    <button
      className="list-item"
      onClick={[Function]}
      onMouseEnter={[Function]}
      onTouchStart={[Function]}
      type="button"
    >
      <div
        className="title-text"
      >
        <h4
          className="title"
        >
          EPH - 4:14 - (ENGNAB)
        </h4>
        <h4
          className="text"
        >
          ENGNAB
        </h4>
      </div>
    </button>
    <button
      className="edit-color"
      id="24440733_rgba(173,221,121,0.7)-edit"
      onClick={[Function]}
      tabIndex={0}
      type="button"
    >
      <span
        className="color-icon"
        style={
          {
            "backgroundColor": "rgba(173,221,121,0.7)",
          }
        }
      />
      <span>
        Edit
      </span>
    </button>
    <div
      className="delete-highlight"
    >
      <svg
        className="icon"
        id="24440733_rgba(173,221,121,0.7)-delete"
        onClick={[Function]}
      >
        <use
          xlinkHref="/svglist.svg#delete"
          xmlnsXlink="http://www.w3.org/1999/xlink"
        />
      </svg>
      <span>
        Delete
      </span>
    </div>
  </div>,
  <div
    className="highlight-item"
    id="25827775_rgba(252,230,0,0.5)"
  >
    <button
      className="list-item"
      onClick={[Function]}
      onMouseEnter={[Function]}
      onTouchStart={[Function]}
      type="button"
    >
      <div
        className="title-text"
      >
        <h4
          className="title"
        >
          MAT - 3:3 - (ENGESV)
        </h4>
        <h4
          className="text"
        >
          ENGESV
        </h4>
      </div>
    </button>
    <button
      className="edit-color"
      id="25827775_rgba(252,230,0,0.5)-edit"
      onClick={[Function]}
      tabIndex={0}
      type="button"
    >
      <span
        className="color-icon"
        style={
          {
            "backgroundColor": "rgba(252,230,0,0.5)",
          }
        }
      />
      <span>
        Edit
      </span>
    </button>
    <div
      className="delete-highlight"
    >
      <svg
        className="icon"
        id="25827775_rgba(252,230,0,0.5)-delete"
        onClick={[Function]}
      >
        <use
          xlinkHref="/svglist.svg#delete"
          xmlnsXlink="http://www.w3.org/1999/xlink"
        />
      </svg>
      <span>
        Delete
      </span>
    </div>
  </div>,
  <div
    className="highlight-item"
    id="25827776_rgba(84,185,72,0.5)"
  >
    <button
      className="list-item"
      onClick={[Function]}
      onMouseEnter={[Function]}
      onTouchStart={[Function]}
      type="button"
    >
      <div
        className="title-text"
      >
        <h4
          className="title"
        >
          MRK - 16:5 - (ENGESV)
        </h4>
        <h4
          className="text"
        >
          ENGESV
        </h4>
      </div>
    </button>
    <button
      className="edit-color"
      id="25827776_rgba(84,185,72,0.5)-edit"
      onClick={[Function]}
      tabIndex={0}
      type="button"
    >
      <span
        className="color-icon"
        style={
          {
            "backgroundColor": "rgba(84,185,72,0.5)",
          }
        }
      />
      <span>
        Edit
      </span>
    </button>
    <div
      className="delete-highlight"
    >
      <svg
        className="icon"
        id="25827776_rgba(84,185,72,0.5)-delete"
        onClick={[Function]}
      >
        <use
          xlinkHref="/svglist.svg#delete"
          xmlnsXlink="http://www.w3.org/1999/xlink"
        />
      </svg>
      <span>
        Delete
      </span>
    </div>
  </div>,
  <div
    className="highlight-item"
    id="25827777_rgba(84,185,72,0.5)"
  >
    <button
      className="list-item"
      onClick={[Function]}
      onMouseEnter={[Function]}
      onTouchStart={[Function]}
      type="button"
    >
      <div
        className="title-text"
      >
        <h4
          className="title"
        >
          MAT - 1:4 - (ENGESV)
        </h4>
        <h4
          className="text"
        >
          ENGESV
        </h4>
      </div>
    </button>
    <button
      className="edit-color"
      id="25827777_rgba(84,185,72,0.5)-edit"
      onClick={[Function]}
      tabIndex={0}
      type="button"
    >
      <span
        className="color-icon"
        style={
          {
            "backgroundColor": "rgba(84,185,72,0.5)",
          }
        }
      />
      <span>
        Edit
      </span>
    </button>
    <div
      className="delete-highlight"
    >
      <svg
        className="icon"
        id="25827777_rgba(84,185,72,0.5)-delete"
        onClick={[Function]}
      >
        <use
          xlinkHref="/svglist.svg#delete"
          xmlnsXlink="http://www.w3.org/1999/xlink"
        />
      </svg>
      <span>
        Delete
      </span>
    </div>
  </div>,
  <div
    className="highlight-item"
    id="25827778_rgba(80,165,220,0.5)"
  >
    <button
      className="list-item"
      onClick={[Function]}
      onMouseEnter={[Function]}
      onTouchStart={[Function]}
      type="button"
    >
      <div
        className="title-text"
      >
        <h4
          className="title"
        >
          MAT - 1:17 - (ENGESV)
        </h4>
        <h4
          className="text"
        >
          ENGESV
        </h4>
      </div>
    </button>
    <button
      className="edit-color"
      id="25827778_rgba(80,165,220,0.5)-edit"
      onClick={[Function]}
      tabIndex={0}
      type="button"
    >
      <span
        className="color-icon"
        style={
          {
            "backgroundColor": "rgba(80,165,220,0.5)",
          }
        }
      />
      <span>
        Edit
      </span>
    </button>
    <div
      className="delete-highlight"
    >
      <svg
        className="icon"
        id="25827778_rgba(80,165,220,0.5)-delete"
        onClick={[Function]}
      >
        <use
          xlinkHref="/svglist.svg#delete"
          xmlnsXlink="http://www.w3.org/1999/xlink"
        />
      </svg>
      <span>
        Delete
      </span>
    </div>
  </div>,
  <div
    className="highlight-item"
    id="25827779_rgba(252,230,0,0.5)"
  >
    <button
      className="list-item"
      onClick={[Function]}
      onMouseEnter={[Function]}
      onTouchStart={[Function]}
      type="button"
    >
      <div
        className="title-text"
      >
        <h4
          className="title"
        >
          MAT - 1:6 - (ENGESV)
        </h4>
        <h4
          className="text"
        >
          ENGESV
        </h4>
      </div>
    </button>
    <button
      className="edit-color"
      id="25827779_rgba(252,230,0,0.5)-edit"
      onClick={[Function]}
      tabIndex={0}
      type="button"
    >
      <span
        className="color-icon"
        style={
          {
            "backgroundColor": "rgba(252,230,0,0.5)",
          }
        }
      />
      <span>
        Edit
      </span>
    </button>
    <div
      className="delete-highlight"
    >
      <svg
        className="icon"
        id="25827779_rgba(252,230,0,0.5)-delete"
        onClick={[Function]}
      >
        <use
          xlinkHref="/svglist.svg#delete"
          xmlnsXlink="http://www.w3.org/1999/xlink"
        />
      </svg>
      <span>
        Delete
      </span>
    </div>
  </div>,
]
`;
